iks01a2_env_sensors.c:101:9:IKS01A2_ENV_SENSOR_Init	88	static
iks01a2_env_sensors.c:266:9:IKS01A2_ENV_SENSOR_DeInit	8	static
iks01a2_env_sensors.c:292:9:IKS01A2_ENV_SENSOR_GetCapabilities	8	static
iks01a2_env_sensors.c:318:9:IKS01A2_ENV_SENSOR_ReadID	8	static
iks01a2_env_sensors.c:346:9:IKS01A2_ENV_SENSOR_Enable	8	static
iks01a2_env_sensors.c:384:9:IKS01A2_ENV_SENSOR_Disable	8	static
iks01a2_env_sensors.c:423:9:IKS01A2_ENV_SENSOR_GetOutputDataRate	8	static
iks01a2_env_sensors.c:462:9:IKS01A2_ENV_SENSOR_SetOutputDataRate	8	static
iks01a2_env_sensors.c:501:9:IKS01A2_ENV_SENSOR_GetValue	8	static
