Archive member included to satisfy reference by file (symbol)

/Applications/STM32CubeIDE.app/Contents/Eclipse/plugins/com.st.stm32cube.ide.mcu.externaltools.gnu-tools-for-stm32.9-2020-q2-update.macos64_2.0.0.202105311346/tools/bin/../lib/gcc/arm-none-eabi/9.3.1/../../../../arm-none-eabi/lib/thumb/v7e-m+fp/hard/libc_nano.a(lib_a-errno.o)
                              ./Core/Src/syscalls.o (__errno)
/Applications/STM32CubeIDE.app/Contents/Eclipse/plugins/com.st.stm32cube.ide.mcu.externaltools.gnu-tools-for-stm32.9-2020-q2-update.macos64_2.0.0.202105311346/tools/bin/../lib/gcc/arm-none-eabi/9.3.1/../../../../arm-none-eabi/lib/thumb/v7e-m+fp/hard/libc_nano.a(lib_a-exit.o)
                              /Applications/STM32CubeIDE.app/Contents/Eclipse/plugins/com.st.stm32cube.ide.mcu.externaltools.gnu-tools-for-stm32.9-2020-q2-update.macos64_2.0.0.202105311346/tools/bin/../lib/gcc/arm-none-eabi/9.3.1/../../../../arm-none-eabi/lib/thumb/v7e-m+fp/hard/crt0.o (exit)
/Applications/STM32CubeIDE.app/Contents/Eclipse/plugins/com.st.stm32cube.ide.mcu.externaltools.gnu-tools-for-stm32.9-2020-q2-update.macos64_2.0.0.202105311346/tools/bin/../lib/gcc/arm-none-eabi/9.3.1/../../../../arm-none-eabi/lib/thumb/v7e-m+fp/hard/libc_nano.a(lib_a-impure.o)
                              /Applications/STM32CubeIDE.app/Contents/Eclipse/plugins/com.st.stm32cube.ide.mcu.externaltools.gnu-tools-for-stm32.9-2020-q2-update.macos64_2.0.0.202105311346/tools/bin/../lib/gcc/arm-none-eabi/9.3.1/../../../../arm-none-eabi/lib/thumb/v7e-m+fp/hard/libc_nano.a(lib_a-exit.o) (_global_impure_ptr)
/Applications/STM32CubeIDE.app/Contents/Eclipse/plugins/com.st.stm32cube.ide.mcu.externaltools.gnu-tools-for-stm32.9-2020-q2-update.macos64_2.0.0.202105311346/tools/bin/../lib/gcc/arm-none-eabi/9.3.1/../../../../arm-none-eabi/lib/thumb/v7e-m+fp/hard/libc_nano.a(lib_a-init.o)
                              /Applications/STM32CubeIDE.app/Contents/Eclipse/plugins/com.st.stm32cube.ide.mcu.externaltools.gnu-tools-for-stm32.9-2020-q2-update.macos64_2.0.0.202105311346/tools/bin/../lib/gcc/arm-none-eabi/9.3.1/../../../../arm-none-eabi/lib/thumb/v7e-m+fp/hard/crt0.o (__libc_init_array)
/Applications/STM32CubeIDE.app/Contents/Eclipse/plugins/com.st.stm32cube.ide.mcu.externaltools.gnu-tools-for-stm32.9-2020-q2-update.macos64_2.0.0.202105311346/tools/bin/../lib/gcc/arm-none-eabi/9.3.1/../../../../arm-none-eabi/lib/thumb/v7e-m+fp/hard/libc_nano.a(lib_a-memset.o)
                              /Applications/STM32CubeIDE.app/Contents/Eclipse/plugins/com.st.stm32cube.ide.mcu.externaltools.gnu-tools-for-stm32.9-2020-q2-update.macos64_2.0.0.202105311346/tools/bin/../lib/gcc/arm-none-eabi/9.3.1/../../../../arm-none-eabi/lib/thumb/v7e-m+fp/hard/crt0.o (memset)
/Applications/STM32CubeIDE.app/Contents/Eclipse/plugins/com.st.stm32cube.ide.mcu.externaltools.gnu-tools-for-stm32.9-2020-q2-update.macos64_2.0.0.202105311346/tools/bin/../lib/gcc/arm-none-eabi/9.3.1/../../../../arm-none-eabi/lib/thumb/v7e-m+fp/hard/libc_nano.a(lib_a-printf.o)
                              ./MEMS/App/app_mems.o (printf)
/Applications/STM32CubeIDE.app/Contents/Eclipse/plugins/com.st.stm32cube.ide.mcu.externaltools.gnu-tools-for-stm32.9-2020-q2-update.macos64_2.0.0.202105311346/tools/bin/../lib/gcc/arm-none-eabi/9.3.1/../../../../arm-none-eabi/lib/thumb/v7e-m+fp/hard/libc_nano.a(lib_a-snprintf.o)
                              ./MEMS/App/app_mems.o (snprintf)
/Applications/STM32CubeIDE.app/Contents/Eclipse/plugins/com.st.stm32cube.ide.mcu.externaltools.gnu-tools-for-stm32.9-2020-q2-update.macos64_2.0.0.202105311346/tools/bin/../lib/gcc/arm-none-eabi/9.3.1/../../../../arm-none-eabi/lib/thumb/v7e-m+fp/hard/libc_nano.a(lib_a-findfp.o)
                              /Applications/STM32CubeIDE.app/Contents/Eclipse/plugins/com.st.stm32cube.ide.mcu.externaltools.gnu-tools-for-stm32.9-2020-q2-update.macos64_2.0.0.202105311346/tools/bin/../lib/gcc/arm-none-eabi/9.3.1/../../../../arm-none-eabi/lib/thumb/v7e-m+fp/hard/libc_nano.a(lib_a-printf.o) (__sinit)
/Applications/STM32CubeIDE.app/Contents/Eclipse/plugins/com.st.stm32cube.ide.mcu.externaltools.gnu-tools-for-stm32.9-2020-q2-update.macos64_2.0.0.202105311346/tools/bin/../lib/gcc/arm-none-eabi/9.3.1/../../../../arm-none-eabi/lib/thumb/v7e-m+fp/hard/libc_nano.a(lib_a-fwalk.o)
                              /Applications/STM32CubeIDE.app/Contents/Eclipse/plugins/com.st.stm32cube.ide.mcu.externaltools.gnu-tools-for-stm32.9-2020-q2-update.macos64_2.0.0.202105311346/tools/bin/../lib/gcc/arm-none-eabi/9.3.1/../../../../arm-none-eabi/lib/thumb/v7e-m+fp/hard/libc_nano.a(lib_a-findfp.o) (_fwalk)
/Applications/STM32CubeIDE.app/Contents/Eclipse/plugins/com.st.stm32cube.ide.mcu.externaltools.gnu-tools-for-stm32.9-2020-q2-update.macos64_2.0.0.202105311346/tools/bin/../lib/gcc/arm-none-eabi/9.3.1/../../../../arm-none-eabi/lib/thumb/v7e-m+fp/hard/libc_nano.a(lib_a-lock.o)
[...]
Memory Configuration

Name             Origin             Length             Attributes
RAM              0x0000000020000000 0x0000000000018000 xrw
RAM2             0x0000000010000000 0x0000000000008000 xrw
FLASH            0x0000000008000000 0x0000000000100000 xr
*default*        0x0000000000000000 0xffffffffffffffff

Linker script and memory map

LOAD /Applications/STM32CubeIDE.app/Contents/Eclipse/plugins/com.st.stm32cube.ide.mcu.externaltools.gnu-tools-for-stm32.9-2020-q2-update.macos64_2.0.0.202105311346/tools/bin/../lib/gcc/arm-none-eabi/9.3.1/thumb/v7e-m+fp/hard/crti.o
LOAD /Applications/STM32CubeIDE.app/Contents/Eclipse/plugins/com.st.stm32cube.ide.mcu.externaltools.gnu-tools-for-stm32.9-2020-q2-update.macos64_2.0.0.202105311346/tools/bin/../lib/gcc/arm-none-eabi/9.3.1/thumb/v7e-m+fp/hard/crtbegin.o
LOAD /Applications/STM32CubeIDE.app/Contents/Eclipse/plugins/com.st.stm32cube.ide.mcu.externaltools.gnu-tools-for-stm32.9-2020-q2-update.macos64_2.0.0.202105311346/tools/bin/../lib/gcc/arm-none-eabi/9.3.1/../../../../arm-none-eabi/lib/thumb/v7e-m+fp/hard/crt0.o
LOAD ./Core/Src/custom_bus.o
LOAD ./Core/Src/main.o
LOAD ./Core/Src/stm32l4xx_hal_msp.o
LOAD ./Core/Src/stm32l4xx_it.o
LOAD ./Core/Src/syscalls.o
LOAD ./Core/Src/sysmem.o
LOAD ./Core/Src/system_stm32l4xx.o
LOAD ./Core/Startup/startup_stm32l476rgtx.o
LOAD ./Drivers/BSP/Components/hts221/hts221.o
LOAD ./Drivers/BSP/Components/hts221/hts221_reg.o
LOAD ./Drivers/BSP/Components/lps22hb/lps22hb.o
LOAD ./Drivers/BSP/Components/lps22hb/lps22hb_reg.o
LOAD ./Drivers/BSP/Components/lsm303agr/lsm303agr.o
LOAD ./Drivers/BSP/Components/lsm303agr/lsm303agr_reg.o
LOAD ./Drivers/BSP/Components/lsm6dsl/lsm6dsl.o
LOAD ./Drivers/BSP/Components/lsm6dsl/lsm6dsl_reg.o
LOAD ./Drivers/BSP/IKS01A2/iks01a2_env_sensors.o
LOAD ./Drivers/BSP/IKS01A2/iks01a2_env_sensors_ex.o
LOAD ./Drivers/BSP/IKS01A2/iks01a2_motion_sensors.o
LOAD ./Drivers/BSP/IKS01A2/iks01a2_motion_sensors_ex.o
LOAD ./Drivers/BSP/custom/custom.o
LOAD ./Drivers/STM32L4xx_HAL_Driver/Src/stm32l4xx_hal.o
LOAD ./Drivers/STM32L4xx_HAL_Driver/Src/stm32l4xx_hal_cortex.o
LOAD ./Drivers/STM32L4xx_HAL_Driver/Src/stm32l4xx_hal_dma.o
LOAD ./Drivers/STM32L4xx_HAL_Driver/Src/stm32l4xx_hal_dma_ex.o
LOAD ./Drivers/STM32L4xx_HAL_Driver/Src/stm32l4xx_hal_exti.o
LOAD ./Drivers/STM32L4xx_HAL_Driver/Src/stm32l4xx_hal_flash.o
LOAD ./Drivers/STM32L4xx_HAL_Driver/Src/stm32l4xx_hal_flash_ex.o
LOAD ./Drivers/STM32L4xx_HAL_Driver/Src/stm32l4xx_hal_flash_ramfunc.o
LOAD ./Drivers/STM32L4xx_HAL_Driver/Src/stm32l4xx_hal_gpio.o
LOAD ./Drivers/STM32L4xx_HAL_Driver/Src/stm32l4xx_hal_i2c.o
LOAD ./Drivers/STM32L4xx_HAL_Driver/Src/stm32l4xx_hal_i2c_ex.o
LOAD ./Drivers/STM32L4xx_HAL_Driver/Src/stm32l4xx_hal_pwr.o
LOAD ./Drivers/STM32L4xx_HAL_Driver/Src/stm32l4xx_hal_pwr_ex.o
LOAD ./Drivers/STM32L4xx_HAL_Driver/Src/stm32l4xx_hal_rcc.o
LOAD ./Drivers/STM32L4xx_HAL_Driver/Src/stm32l4xx_hal_rcc_ex.o
LOAD ./Drivers/STM32L4xx_HAL_Driver/Src/stm32l4xx_hal_tim.o
LOAD ./Drivers/STM32L4xx_HAL_Driver/Src/stm32l4xx_hal_tim_ex.o
LOAD ./Drivers/STM32L4xx_HAL_Driver/Src/stm32l4xx_hal_uart.o
LOAD ./Drivers/STM32L4xx_HAL_Driver/Src/stm32l4xx_hal_uart_ex.o
LOAD ./MEMS/App/app_mems.o
START GROUP
LOAD /Applications/STM32CubeIDE.app/Contents/Eclipse/plugins/com.st.stm32cube.ide.mcu.externaltools.gnu-tools-for-stm32.9-2020-q2-update.macos64_2.0.0.202105311346/tools/bin/../lib/gcc/arm-none-eabi/9.3.1/../../../../arm-none-eabi/lib/thumb/v7e-m+fp/hard/libc_nano.a
LOAD /Applications/STM32CubeIDE.app/Contents/Eclipse/plugins/com.st.stm32cube.ide.mcu.externaltools.gnu-tools-for-stm32.9-2020-q2-update.macos64_2.0.0.202105311346/tools/bin/../lib/gcc/arm-none-eabi/9.3.1/../../../../arm-none-eabi/lib/thumb/v7e-m+fp/hard/libm.a
END GROUP
START GROUP
LOAD /Applications/STM32CubeIDE.app/Contents/Eclipse/plugins/com.st.stm32cube.ide.mcu.externaltools.gnu-tools-for-stm32.9-2020-q2-update.macos64_2.0.0.202105311346/tools/bin/../lib/gcc/arm-none-eabi/9.3.1/thumb/v7e-m+fp/hard/libgcc.a
LOAD /Applications/STM32CubeIDE.app/Contents/Eclipse/plugins/com.st.stm32cube.ide.mcu.externaltools.gnu-tools-for-stm32.9-2020-q2-update.macos64_2.0.0.202105311346/tools/bin/../lib/gcc/arm-none-eabi/9.3.1/../../../../arm-none-eabi/lib/thumb/v7e-m+fp/hard/libc_nano.a
END GROUP
START GROUP
LOAD /Applications/STM32CubeIDE.app/Contents/Eclipse/plugins/com.st.stm32cube.ide.mcu.externaltools.gnu-tools-for-stm32.9-2020-q2-update.macos64_2.0.0.202105311346/tools/bin/../lib/gcc/arm-none-eabi/9.3.1/thumb/v7e-m+fp/hard/libgcc.a
LOAD /Applications/STM32CubeIDE.app/Contents/Eclipse/plugins/com.st.stm32cube.ide.mcu.externaltools.gnu-tools-for-stm32.9-2020-q2-update.macos64_2.0.0.202105311346/tools/bin/../lib/gcc/arm-none-eabi/9.3.1/../../../../arm-none-eabi/lib/thumb/v7e-m+fp/hard/libc_nano.a
LOAD /Applications/STM32CubeIDE.app/Contents/Eclipse/plugins/com.st.stm32cube.ide.mcu.externaltools.gnu-tools-for-stm32.9-2020-q2-update.macos64_2.0.0.202105311346/tools/bin/../lib/gcc/arm-none-eabi/9.3.1/../../../../arm-none-eabi/lib/thumb/v7e-m+fp/hard/libnosys.a
END GROUP
START GROUP
LOAD /Applications/STM32CubeIDE.app/Contents/Eclipse/plugins/com.st.stm32cube.ide.mcu.externaltools.gnu-tools-for-stm32.9-2020-q2-update.macos64_2.0.0.202105311346/tools/bin/../lib/gcc/arm-none-eabi/9.3.1/thumb/v7e-m+fp/hard/libgcc.a
LOAD /Applications/STM32CubeIDE.app/Contents/Eclipse/plugins/com.st.stm32cube.ide.mcu.externaltools.gnu-tools-for-stm32.9-2020-q2-update.macos64_2.0.0.202105311346/tools/bin/../lib/gcc/arm-none-eabi/9.3.1/../../../../arm-none-eabi/lib/thumb/v7e-m+fp/hard/libc_nano.a
LOAD /Applications/STM32CubeIDE.app/Contents/Eclipse/plugins/com.st.stm32cube.ide.mcu.externaltools.gnu-tools-for-stm32.9-2020-q2-update.macos64_2.0.0.202105311346/tools/bin/../lib/gcc/arm-none-eabi/9.3.1/../../../../arm-none-eabi/lib/thumb/v7e-m+fp/hard/libnosys.a
END GROUP
LOAD /Applications/STM32CubeIDE.app/Contents/Eclipse/plugins/com.st.stm32cube.ide.mcu.externaltools.gnu-tools-for-stm32.9-2020-q2-update.macos64_2.0.0.202105311346/tools/bin/../lib/gcc/arm-none-eabi/9.3.1/thumb/v7e-m+fp/hard/crtend.o
LOAD /Applications/STM32CubeIDE.app/Contents/Eclipse/plugins/com.st.stm32cube.ide.mcu.externaltools.gnu-tools-for-stm32.9-2020-q2-update.macos64_2.0.0.202105311346/tools/bin/../lib/gcc/arm-none-eabi/9.3.1/thumb/v7e-m+fp/hard/crtn.o
                0x0000000020018000                _estack = (ORIGIN (RAM) + LENGTH (RAM))
                0x0000000000000200                _Min_Heap_Size = 0x200
                0x0000000000000400                _Min_Stack_Size = 0x400

.isr_vector     0x0000000008000000      0x188
                0x0000000008000000                . = ALIGN (0x4)
 *(.isr_vector)
 .isr_vector    0x0000000008000000      0x188 ./Core/Startup/startup_stm32l476rgtx.o
                0x0000000008000000                g_pfnVectors
                0x0000000008000188                . = ALIGN (0x4)

.text           0x0000000008000190     0x8414
                0x0000000008000190                . = ALIGN (0x4)
 *(.text)
 .text          0x0000000008000190       0x40 /Applications/STM32CubeIDE.app/Contents/Eclipse/plugins/com.st.stm32cube.ide.mcu.externaltools.gnu-tools-for-stm32.9-2020-q2-update.macos64_2.0.0.202105311346/tools/bin/../lib/gcc/arm-none-eabi/9.3.1/thumb/v7e-m+fp/hard/crtbegin.o
 .text          0x00000000080001d0       0xa0 /Applications/STM32CubeIDE.app/Contents/Eclipse/plugins/com.st.stm32cube.ide.mcu.externaltools.gnu-tools-for-stm32.9-2020-q2-update.macos64_2.0.0.202105311346/tools/bin/../lib/gcc/arm-none-eabi/9.3.1/../../../../arm-none-eabi/lib/thumb/v7e-m+fp/hard/libc_nano.a(lib_a-memchr.o)
                0x00000000080001d0                memchr
 .text          0x0000000008000270      0x378 /Applications/STM32CubeIDE.app/Contents/Eclipse/plugins/com.st.stm32cube.ide.mcu.externaltools.gnu-tools-for-stm32.9-2020-q2-update.macos64_2.0.0.202105311346/tools/bin/../lib/gcc/arm-none-eabi/9.3.1/thumb/v7e-m+fp/hard/libgcc.a(_arm_addsubdf3.o)
                0x0000000008000270                __aeabi_drsub
                0x0000000008000278                __subdf3
                0x0000000008000278                __aeabi_dsub
                0x000000000800027c                __aeabi_dadd
                0x000000000800027c                __adddf3
                0x00000000080004f4                __aeabi_ui2d
                0x00000000080004f4                __floatunsidf
                0x0000000008000514                __floatsidf
                0x0000000008000514                __aeabi_i2d
                0x0000000008000538                __extendsfdf2
                0x0000000008000538                __aeabi_f2d
                0x000000000800057c                __aeabi_ul2d
                0x000000000800057c                __floatundidf
                0x000000000800058c                __aeabi_l2d
                0x000000000800058c                __floatdidf
 .text          0x00000000080005e8      0x424 /Applications/STM32CubeIDE.app/Contents/Eclipse/plugins/com.st.stm32cube.ide.mcu.externaltools.gnu-tools-for-stm32.9-2020-q2-update.macos64_2.0.0.202105311346/tools/bin/../lib/gcc/arm-none-eabi/9.3.1/thumb/v7e-m+fp/hard/libgcc.a(_arm_muldivdf3.o)
                0x00000000080005e8                __aeabi_dmul
                0x00000000080005e8                __muldf3
                0x000000000800083c                __aeabi_ddiv
                0x000000000800083c                __divdf3
 .text          0x0000000008000a0c      0x110 /Applications/STM32CubeIDE.app/Contents/Eclipse/plugins/com.st.stm32cube.ide.mcu.externaltools.gnu-tools-for-stm32.9-2020-q2-update.macos64_2.0.0.202105311346/tools/bin/../lib/gcc/arm-none-eabi/9.3.1/thumb/v7e-m+fp/hard/libgcc.a(_arm_cmpdf2.o)
                0x0000000008000a0c                __gedf2
                0x0000000008000a0c                __gtdf2
                0x0000000008000a14                __ledf2
                0x0000000008000a14                __ltdf2
                0x0000000008000a1c                __cmpdf2
                0x0000000008000a1c                __eqdf2
                0x0000000008000a1c                __nedf2
                0x0000000008000a98                __aeabi_cdrcmple
                0x0000000008000aa8                __aeabi_cdcmple
                0x0000000008000aa8                __aeabi_cdcmpeq
                0x0000000008000ab8                __aeabi_dcmpeq
                0x0000000008000acc                __aeabi_dcmplt
                0x0000000008000ae0                __aeabi_dcmple
                0x0000000008000af4                __aeabi_dcmpge
                0x0000000008000b08                __aeabi_dcmpgt
 .text          0x0000000008000b1c       0x2c /Applications/STM32CubeIDE.app/Contents/Eclipse/plugins/com.st.stm32cube.ide.mcu.externaltools.gnu-tools-for-stm32.9-2020-q2-update.macos64_2.0.0.202105311346/tools/bin/../lib/gcc/arm-none-eabi/9.3.1/thumb/v7e-m+fp/hard/libgcc.a(_arm_unorddf2.o)
                0x0000000008000b1c                __aeabi_dcmpun
                0x0000000008000b1c                __unorddf2
 .text          0x0000000008000b48       0x50 /Applications/STM32CubeIDE.app/Contents/Eclipse/plugins/com.st.stm32cube.ide.mcu.externaltools.gnu-tools-for-stm32.9-2020-q2-update.macos64_2.0.0.202105311346/tools/bin/../lib/gcc/arm-none-eabi/9.3.1/thumb/v7e-m+fp/hard/libgcc.a(_arm_fixdfsi.o)
                0x0000000008000b48                __fixdfsi
                0x0000000008000b48                __aeabi_d2iz
 .text          0x0000000008000b98       0xa0 /Applications/STM32CubeIDE.app/Contents/Eclipse/plugins/com.st.stm32cube.ide.mcu.externaltools.gnu-tools-for-stm32.9-2020-q2-update.macos64_2.0.0.202105311346/tools/bin/../lib/gcc/arm-none-eabi/9.3.1/thumb/v7e-m+fp/hard/libgcc.a(_arm_truncdfsf2.o)
                0x0000000008000b98                __aeabi_d2f
                0x0000000008000b98                __truncdfsf2
 .text          0x0000000008000c38       0x30 /Applications/STM32CubeIDE.app/Contents/Eclipse/plugins/com.st.stm32cube.ide.mcu.externaltools.gnu-tools-for-stm32.9-2020-q2-update.macos64_2.0.0.202105311346/tools/bin/../lib/gcc/arm-none-eabi/9.3.1/thumb/v7e-m+fp/hard/libgcc.a(_aeabi_uldivmod.o)
                0x0000000008000c38                __aeabi_uldivmod
 .text          0x0000000008000c68      0x2c4 /Applications/STM32CubeIDE.app/Contents/Eclipse/plugins/com.st.stm32cube.ide.mcu.externaltools.gnu-tools-for-stm32.9-2020-q2-update.macos64_2.0.0.202105311346/tools/bin/../lib/gcc/arm-none-eabi/9.3.1/thumb/v7e-m+fp/hard/libgcc.a(_udivmoddi4.o)
                0x0000000008000c68                __udivmoddi4
 .text          0x0000000008000f2c        0x4 /Applications/STM32CubeIDE.app/Contents/Eclipse/plugins/com.st.stm32cube.ide.mcu.externaltools.gnu-tools-for-stm32.9-2020-q2-update.macos64_2.0.0.202105311346/tools/bin/../lib/gcc/arm-none-eabi/9.3.1/thumb/v7e-m+fp/hard/libgcc.a(_dvmd_tls.o)
                0x0000000008000f2c                __aeabi_ldiv0
                0x0000000008000f2c                __aeabi_idiv0
 *(.text*)
 .text.BSP_I2C1_DeInit
                0x0000000008000f30       0x54 ./Core/Src/custom_bus.o
                0x0000000008000f30                BSP_I2C1_DeInit
 .text.BSP_I2C1_WriteReg
                0x0000000008000f84       0x34 ./Core/Src/custom_bus.o
                0x0000000008000f84                BSP_I2C1_WriteReg
 .text.BSP_I2C1_ReadReg
                0x0000000008000fb8       0x34 ./Core/Src/custom_bus.o
                0x0000000008000fb8                BSP_I2C1_ReadReg
 .text.BSP_GetTick
                0x0000000008000fec        0x4 ./Core/Src/custom_bus.o
                0x0000000008000fec                BSP_GetTick
 .text.MX_I2C1_Init
                0x0000000008000ff0       0x50 ./Core/Src/custom_bus.o
                0x0000000008000ff0                MX_I2C1_Init
 .text.BSP_I2C1_Init
                0x0000000008001040       0xb8 ./Core/Src/custom_bus.o
                0x0000000008001040                BSP_I2C1_Init
 .text.SystemClock_Config
                0x00000000080010f8       0x76 ./Core/Src/main.o
                0x00000000080010f8                SystemClock_Config
 *fill*         0x000000000800116e        0x2 
 .text.startup.main
                0x0000000008001170       0x60 ./Core/Src/main.o
                0x0000000008001170                main
 .text.HAL_MspInit
                0x00000000080011d0       0x30 ./Core/Src/stm32l4xx_hal_msp.o
                0x00000000080011d0                HAL_MspInit
 .text.NMI_Handler
                0x0000000008001200        0x2 ./Core/Src/stm32l4xx_it.o
                0x0000000008001200                NMI_Handler
 .text.HardFault_Handler
                0x0000000008001202        0x2 ./Core/Src/stm32l4xx_it.o
                0x0000000008001202                HardFault_Handler
 .text.MemManage_Handler
                0x0000000008001204        0x2 ./Core/Src/stm32l4xx_it.o
                0x0000000008001204                MemManage_Handler
 .text.BusFault_Handler
                0x0000000008001206        0x2 ./Core/Src/stm32l4xx_it.o
                0x0000000008001206                BusFault_Handler
 .text.UsageFault_Handler
                0x0000000008001208        0x2 ./Core/Src/stm32l4xx_it.o
                0x0000000008001208                UsageFault_Handler
 .text.SVC_Handler
                0x000000000800120a        0x2 ./Core/Src/stm32l4xx_it.o
                0x000000000800120a                SVC_Handler
 .text.DebugMon_Handler
                0x000000000800120c        0x2 ./Core/Src/stm32l4xx_it.o
                0x000000000800120c                DebugMon_Handler
 .text.PendSV_Handler
                0x000000000800120e        0x2 ./Core/Src/stm32l4xx_it.o
                0x000000000800120e                PendSV_Handler
 .text.SysTick_Handler
                0x0000000008001210        0x4 ./Core/Src/stm32l4xx_it.o
                0x0000000008001210                SysTick_Handler
 .text.EXTI15_10_IRQHandler
                0x0000000008001214        0xc ./Core/Src/stm32l4xx_it.o
                0x0000000008001214                EXTI15_10_IRQHandler
 .text._read    0x0000000008001220       0x1a ./Core/Src/syscalls.o
                0x0000000008001220                _read
 .text._write   0x000000000800123a       0x1a ./Core/Src/syscalls.o
                0x000000000800123a                _write
 .text._close   0x0000000008001254        0x6 ./Core/Src/syscalls.o
                0x0000000008001254                _close
 .text._fstat   0x000000000800125a        0xa ./Core/Src/syscalls.o
                0x000000000800125a                _fstat
 .text._isatty  0x0000000008001264        0x4 ./Core/Src/syscalls.o
                0x0000000008001264                _isatty
 .text._lseek   0x0000000008001268        0x4 ./Core/Src/syscalls.o
                0x0000000008001268                _lseek
 .text._sbrk    0x000000000800126c       0x40 ./Core/Src/sysmem.o
                0x000000000800126c                _sbrk
 .text.SystemInit
                0x00000000080012ac       0x44 ./Core/Src/system_stm32l4xx.o
                0x00000000080012ac                SystemInit
 .text.Reset_Handler
                0x00000000080012f0       0x50 ./Core/Startup/startup_stm32l476rgtx.o
                0x00000000080012f0                Reset_Handler
 .text.Default_Handler
                0x0000000008001340        0x2 ./Core/Startup/startup_stm32l476rgtx.o
                0x0000000008001340                TIM1_BRK_TIM15_IRQHandler
                0x0000000008001340                EXTI2_IRQHandler
                0x0000000008001340                TIM8_TRG_COM_IRQHandler
                0x0000000008001340                TIM8_CC_IRQHandler
                0x0000000008001340                TIM1_CC_IRQHandler
                0x0000000008001340                TSC_IRQHandler
                0x0000000008001340                TAMP_STAMP_IRQHandler
                0x0000000008001340                EXTI3_IRQHandler
                0x0000000008001340                LPTIM2_IRQHandler
                0x0000000008001340                DFSDM1_FLT1_IRQHandler
                0x0000000008001340                I2C3_ER_IRQHandler
                0x0000000008001340                DFSDM1_FLT2_IRQHandler
                0x0000000008001340                EXTI0_IRQHandler
                0x0000000008001340                I2C2_EV_IRQHandler
                0x0000000008001340                CAN1_RX0_IRQHandler
                0x0000000008001340                FPU_IRQHandler
                0x0000000008001340                TIM1_UP_TIM16_IRQHandler
                0x0000000008001340                ADC1_2_IRQHandler
                0x0000000008001340                SPI1_IRQHandler
                0x0000000008001340                TIM6_DAC_IRQHandler
                0x0000000008001340                TIM8_UP_IRQHandler
                0x0000000008001340                DMA2_Channel2_IRQHandler
                0x0000000008001340                DMA1_Channel4_IRQHandler
                0x0000000008001340                SAI2_IRQHandler
                0x0000000008001340                DFSDM1_FLT3_IRQHandler
                0x0000000008001340                USART3_IRQHandler
                0x0000000008001340                DMA1_Channel7_IRQHandler
                0x0000000008001340                CAN1_RX1_IRQHandler
                0x0000000008001340                LCD_IRQHandler
                0x0000000008001340                UART5_IRQHandler
                0x0000000008001340                ADC3_IRQHandler
                0x0000000008001340                TIM4_IRQHandler
                0x0000000008001340                DMA2_Channel1_IRQHandler
                0x0000000008001340                QUADSPI_IRQHandler
                0x0000000008001340                I2C1_EV_IRQHandler
                0x0000000008001340                DMA1_Channel6_IRQHandler
                0x0000000008001340                UART4_IRQHandler
                0x0000000008001340                DMA2_Channel4_IRQHandler
                0x0000000008001340                TIM3_IRQHandler
                0x0000000008001340                RCC_IRQHandler
                0x0000000008001340                DMA1_Channel1_IRQHandler
                0x0000000008001340                Default_Handler
                0x0000000008001340                DMA2_Channel7_IRQHandler
                0x0000000008001340                TIM7_IRQHandler
                0x0000000008001340                SDMMC1_IRQHandler
                0x0000000008001340                TIM5_IRQHandler
                0x0000000008001340                I2C3_EV_IRQHandler
                0x0000000008001340                EXTI9_5_IRQHandler
                0x0000000008001340                RTC_WKUP_IRQHandler
                0x0000000008001340                PVD_PVM_IRQHandler
                0x0000000008001340                SPI2_IRQHandler
                0x0000000008001340                CAN1_TX_IRQHandler
                0x0000000008001340                DMA2_Channel5_IRQHandler
                0x0000000008001340                DMA1_Channel5_IRQHandler
                0x0000000008001340                EXTI4_IRQHandler
                0x0000000008001340                RNG_IRQHandler
                0x0000000008001340                TIM1_TRG_COM_TIM17_IRQHandler
                0x0000000008001340                DMA1_Channel3_IRQHandler
                0x0000000008001340                COMP_IRQHandler
                0x0000000008001340                WWDG_IRQHandler
                0x0000000008001340                LPUART1_IRQHandler
                0x0000000008001340                DMA2_Channel6_IRQHandler
                0x0000000008001340                TIM2_IRQHandler
                0x0000000008001340                EXTI1_IRQHandler
                0x0000000008001340                USART2_IRQHandler
                0x0000000008001340                DFSDM1_FLT0_IRQHandler
                0x0000000008001340                I2C2_ER_IRQHandler
                0x0000000008001340                DMA1_Channel2_IRQHandler
                0x0000000008001340                TIM8_BRK_IRQHandler
                0x0000000008001340                CAN1_SCE_IRQHandler
                0x0000000008001340                FLASH_IRQHandler
                0x0000000008001340                USART1_IRQHandler
                0x0000000008001340                OTG_FS_IRQHandler
                0x0000000008001340                SPI3_IRQHandler
                0x0000000008001340                I2C1_ER_IRQHandler
                0x0000000008001340                FMC_IRQHandler
                0x0000000008001340                SWPMI1_IRQHandler
                0x0000000008001340                LPTIM1_IRQHandler
                0x0000000008001340                SAI1_IRQHandler
                0x0000000008001340                DMA2_Channel3_IRQHandler
                0x0000000008001340                RTC_Alarm_IRQHandler
 *fill*         0x0000000008001342        0x2 
 .text.HTS221_GetCapabilities
                0x0000000008001344       0x18 ./Drivers/BSP/Components/hts221/hts221.o
                0x0000000008001344                HTS221_GetCapabilities
 .text.HTS221_HUM_Enable
                0x000000000800135c       0x2e ./Drivers/BSP/Components/hts221/hts221.o
                0x000000000800135c                HTS221_HUM_Enable
 .text.HTS221_TEMP_Enable
                0x000000000800138a       0x2e ./Drivers/BSP/Components/hts221/hts221.o
                0x000000000800138a                HTS221_TEMP_Enable
 .text.HTS221_SetOutputDataRate
                0x00000000080013b8       0x36 ./Drivers/BSP/Components/hts221/hts221.o
 .text.HTS221_Init
                0x00000000080013ee       0x42 ./Drivers/BSP/Components/hts221/hts221.o
                0x00000000080013ee                HTS221_Init
 .text.HTS221_HUM_SetOutputDataRate
                0x0000000008001430        0x4 ./Drivers/BSP/Components/hts221/hts221.o
                0x0000000008001430                HTS221_HUM_SetOutputDataRate
 .text.HTS221_ReadID
                0x0000000008001434       0x12 ./Drivers/BSP/Components/hts221/hts221.o
                0x0000000008001434                HTS221_ReadID
 *fill*         0x0000000008001446        0x2 
 .text.HTS221_GetOutputDataRate
                0x0000000008001448       0x44 ./Drivers/BSP/Components/hts221/hts221.o
 .text.HTS221_HUM_GetOutputDataRate
                0x000000000800148c        0x4 ./Drivers/BSP/Components/hts221/hts221.o
                0x000000000800148c                HTS221_HUM_GetOutputDataRate
 .text.HTS221_HUM_GetHumidity
                0x0000000008001490       0xb8 ./Drivers/BSP/Components/hts221/hts221.o
                0x0000000008001490                HTS221_HUM_GetHumidity
 .text.ReadRegWrap
                0x0000000008001548       0x1c ./Drivers/BSP/Components/hts221/hts221.o
 .text.WriteRegWrap
                0x0000000008001564       0x1c ./Drivers/BSP/Components/hts221/hts221.o
 .text.HTS221_HUM_Disable
                0x0000000008001580       0x2c ./Drivers/BSP/Components/hts221/hts221.o
                0x0000000008001580                HTS221_HUM_Disable
 .text.HTS221_TEMP_Disable
                0x00000000080015ac       0x2c ./Drivers/BSP/Components/hts221/hts221.o
                0x00000000080015ac                HTS221_TEMP_Disable
 .text.HTS221_DeInit
                0x00000000080015d8       0x2c ./Drivers/BSP/Components/hts221/hts221.o
                0x00000000080015d8                HTS221_DeInit
 .text.HTS221_TEMP_SetOutputDataRate
                0x0000000008001604        0x4 ./Drivers/BSP/Components/hts221/hts221.o
                0x0000000008001604                HTS221_TEMP_SetOutputDataRate
 .text.HTS221_TEMP_GetOutputDataRate
                0x0000000008001608        0x4 ./Drivers/BSP/Components/hts221/hts221.o
                0x0000000008001608                HTS221_TEMP_GetOutputDataRate
 .text.HTS221_TEMP_GetTemperature
                0x000000000800160c       0x8a ./Drivers/BSP/Components/hts221/hts221.o
                0x000000000800160c                HTS221_TEMP_GetTemperature
 *fill*         0x0000000008001696        0x2 
 .text.HTS221_RegisterBusIO
                0x0000000008001698       0x3c ./Drivers/BSP/Components/hts221/hts221.o
                0x0000000008001698                HTS221_RegisterBusIO
 .text.hts221_read_reg
                0x00000000080016d4        0xe ./Drivers/BSP/Components/hts221/hts221_reg.o
                0x00000000080016d4                hts221_read_reg
 .text.hts221_write_reg
                0x00000000080016e2        0xe ./Drivers/BSP/Components/hts221/hts221_reg.o
                0x00000000080016e2                hts221_write_reg
 .text.hts221_data_rate_set
                0x00000000080016f0       0x2e ./Drivers/BSP/Components/hts221/hts221_reg.o
                0x00000000080016f0                hts221_data_rate_set
 .text.hts221_data_rate_get
                0x000000000800171e       0x3a ./Drivers/BSP/Components/hts221/hts221_reg.o
                0x000000000800171e                hts221_data_rate_get
 .text.hts221_block_data_update_set
                0x0000000008001758       0x2e ./Drivers/BSP/Components/hts221/hts221_reg.o
                0x0000000008001758                hts221_block_data_update_set
 .text.hts221_humidity_raw_get
                0x0000000008001786       0x20 ./Drivers/BSP/Components/hts221/hts221_reg.o
                0x0000000008001786                hts221_humidity_raw_get
 .text.hts221_temperature_raw_get
                0x00000000080017a6       0x20 ./Drivers/BSP/Components/hts221/hts221_reg.o
                0x00000000080017a6                hts221_temperature_raw_get
 .text.hts221_device_id_get
                0x00000000080017c6        0xa ./Drivers/BSP/Components/hts221/hts221_reg.o
                0x00000000080017c6                hts221_device_id_get
 .text.hts221_power_on_set
                0x00000000080017d0       0x2e ./Drivers/BSP/Components/hts221/hts221_reg.o
                0x00000000080017d0                hts221_power_on_set
 .text.hts221_hum_rh_point_0_get
                0x00000000080017fe       0x24 ./Drivers/BSP/Components/hts221/hts221_reg.o
                0x00000000080017fe                hts221_hum_rh_point_0_get
 .text.hts221_hum_rh_point_1_get
                0x0000000008001822       0x24 ./Drivers/BSP/Components/hts221/hts221_reg.o
                0x0000000008001822                hts221_hum_rh_point_1_get
 .text.hts221_temp_deg_point_0_get
                0x0000000008001846       0x40 ./Drivers/BSP/Components/hts221/hts221_reg.o
                0x0000000008001846                hts221_temp_deg_point_0_get
 .text.hts221_temp_deg_point_1_get
                0x0000000008001886       0x40 ./Drivers/BSP/Components/hts221/hts221_reg.o
                0x0000000008001886                hts221_temp_deg_point_1_get
 .text.hts221_hum_adc_point_0_get
                0x00000000080018c6       0x2c ./Drivers/BSP/Components/hts221/hts221_reg.o
                0x00000000080018c6                hts221_hum_adc_point_0_get
 .text.hts221_hum_adc_point_1_get
                0x00000000080018f2       0x2c ./Drivers/BSP/Components/hts221/hts221_reg.o
                0x00000000080018f2                hts221_hum_adc_point_1_get
 .text.hts221_temp_adc_point_0_get
                0x000000000800191e       0x2c ./Drivers/BSP/Components/hts221/hts221_reg.o
                0x000000000800191e                hts221_temp_adc_point_0_get
 .text.hts221_temp_adc_point_1_get
                0x000000000800194a       0x2c ./Drivers/BSP/Components/hts221/hts221_reg.o
                0x000000000800194a                hts221_temp_adc_point_1_get
 *fill*         0x0000000008001976        0x2 
 .text.LPS22HB_GetCapabilities
                0x0000000008001978       0x18 ./Drivers/BSP/Components/lps22hb/lps22hb.o
                0x0000000008001978                LPS22HB_GetCapabilities
 .text.LPS22HB_Init
                0x0000000008001990       0x64 ./Drivers/BSP/Components/lps22hb/lps22hb.o
                0x0000000008001990                LPS22HB_Init
 .text.LPS22HB_ReadID
                0x00000000080019f4       0x12 ./Drivers/BSP/Components/lps22hb/lps22hb.o
                0x00000000080019f4                LPS22HB_ReadID
 *fill*         0x0000000008001a06        0x2 
 .text.LPS22HB_GetOutputDataRate
                0x0000000008001a08       0x58 ./Drivers/BSP/Components/lps22hb/lps22hb.o
 .text.LPS22HB_PRESS_GetOutputDataRate
                0x0000000008001a60        0x4 ./Drivers/BSP/Components/lps22hb/lps22hb.o
                0x0000000008001a60                LPS22HB_PRESS_GetOutputDataRate
 .text.LPS22HB_SetOutputDataRate_When_Enabled
                0x0000000008001a64       0x78 ./Drivers/BSP/Components/lps22hb/lps22hb.o
 .text.LPS22HB_PRESS_GetPressure
                0x0000000008001adc       0x2a ./Drivers/BSP/Components/lps22hb/lps22hb.o
                0x0000000008001adc                LPS22HB_PRESS_GetPressure
 .text.LPS22HB_TEMP_GetTemperature
                0x0000000008001b06       0x2e ./Drivers/BSP/Components/lps22hb/lps22hb.o
                0x0000000008001b06                LPS22HB_TEMP_GetTemperature
 .text.LPS22HB_TEMP_SetOutputDataRate
                0x0000000008001b34       0x64 ./Drivers/BSP/Components/lps22hb/lps22hb.o
                0x0000000008001b34                LPS22HB_TEMP_SetOutputDataRate
 .text.ReadRegWrap
                0x0000000008001b98       0x40 ./Drivers/BSP/Components/lps22hb/lps22hb.o
 .text.WriteRegWrap
                0x0000000008001bd8       0x40 ./Drivers/BSP/Components/lps22hb/lps22hb.o
 .text.LPS22HB_PRESS_Enable
                0x0000000008001c18       0x2a ./Drivers/BSP/Components/lps22hb/lps22hb.o
                0x0000000008001c18                LPS22HB_PRESS_Enable
 .text.LPS22HB_TEMP_Enable
                0x0000000008001c42       0x2a ./Drivers/BSP/Components/lps22hb/lps22hb.o
                0x0000000008001c42                LPS22HB_TEMP_Enable
 .text.LPS22HB_PRESS_Disable
                0x0000000008001c6c       0x3e ./Drivers/BSP/Components/lps22hb/lps22hb.o
                0x0000000008001c6c                LPS22HB_PRESS_Disable
 .text.LPS22HB_TEMP_Disable
                0x0000000008001caa       0x3e ./Drivers/BSP/Components/lps22hb/lps22hb.o
                0x0000000008001caa                LPS22HB_TEMP_Disable
 .text.LPS22HB_DeInit
                0x0000000008001ce8       0x2c ./Drivers/BSP/Components/lps22hb/lps22hb.o
                0x0000000008001ce8                LPS22HB_DeInit
 .text.LPS22HB_TEMP_GetOutputDataRate
                0x0000000008001d14        0x4 ./Drivers/BSP/Components/lps22hb/lps22hb.o
                0x0000000008001d14                LPS22HB_TEMP_GetOutputDataRate
 .text.LPS22HB_PRESS_SetOutputDataRate
                0x0000000008001d18       0x64 ./Drivers/BSP/Components/lps22hb/lps22hb.o
                0x0000000008001d18                LPS22HB_PRESS_SetOutputDataRate
 .text.LPS22HB_Write_Reg
                0x0000000008001d7c       0x20 ./Drivers/BSP/Components/lps22hb/lps22hb.o
                0x0000000008001d7c                LPS22HB_Write_Reg
 .text.LPS22HB_RegisterBusIO
                0x0000000008001d9c       0x68 ./Drivers/BSP/Components/lps22hb/lps22hb.o
                0x0000000008001d9c                LPS22HB_RegisterBusIO
 .text.lps22hb_read_reg
                0x0000000008001e04        0xe ./Drivers/BSP/Components/lps22hb/lps22hb_reg.o
                0x0000000008001e04                lps22hb_read_reg
 .text.lps22hb_write_reg
                0x0000000008001e12        0xe ./Drivers/BSP/Components/lps22hb/lps22hb_reg.o
                0x0000000008001e12                lps22hb_write_reg
 .text.lps22hb_from_lsb_to_hpa
                0x0000000008001e20        0xa ./Drivers/BSP/Components/lps22hb/lps22hb_reg.o
                0x0000000008001e20                lps22hb_from_lsb_to_hpa
 *fill*         0x0000000008001e2a        0x2 
 .text.lps22hb_from_lsb_to_degc
                0x0000000008001e2c       0x18 ./Drivers/BSP/Components/lps22hb/lps22hb_reg.o
                0x0000000008001e2c                lps22hb_from_lsb_to_degc
 .text.lps22hb_block_data_update_set
                0x0000000008001e44       0x2e ./Drivers/BSP/Components/lps22hb/lps22hb_reg.o
                0x0000000008001e44                lps22hb_block_data_update_set
 .text.lps22hb_low_pass_filter_mode_set
                0x0000000008001e72       0x2e ./Drivers/BSP/Components/lps22hb/lps22hb_reg.o
                0x0000000008001e72                lps22hb_low_pass_filter_mode_set
 .text.lps22hb_data_rate_set
                0x0000000008001ea0       0x2e ./Drivers/BSP/Components/lps22hb/lps22hb_reg.o
                0x0000000008001ea0                lps22hb_data_rate_set
 .text.lps22hb_data_rate_get
                0x0000000008001ece       0x40 ./Drivers/BSP/Components/lps22hb/lps22hb_reg.o
                0x0000000008001ece                lps22hb_data_rate_get
 .text.lps22hb_pressure_raw_get
                0x0000000008001f0e       0x2a ./Drivers/BSP/Components/lps22hb/lps22hb_reg.o
                0x0000000008001f0e                lps22hb_pressure_raw_get
 .text.lps22hb_temperature_raw_get
                0x0000000008001f38       0x20 ./Drivers/BSP/Components/lps22hb/lps22hb_reg.o
                0x0000000008001f38                lps22hb_temperature_raw_get
 .text.lps22hb_device_id_get
                0x0000000008001f58        0xa ./Drivers/BSP/Components/lps22hb/lps22hb_reg.o
                0x0000000008001f58                lps22hb_device_id_get
 .text.lps22hb_low_power_set
                0x0000000008001f62       0x2e ./Drivers/BSP/Components/lps22hb/lps22hb_reg.o
                0x0000000008001f62                lps22hb_low_power_set
 .text.lps22hb_auto_add_inc_set
                0x0000000008001f90       0x2e ./Drivers/BSP/Components/lps22hb/lps22hb_reg.o
                0x0000000008001f90                lps22hb_auto_add_inc_set
 *fill*         0x0000000008001fbe        0x2 
 .text.LSM303AGR_ACC_GetCapabilities
                0x0000000008001fc0       0x20 ./Drivers/BSP/Components/lsm303agr/lsm303agr.o
                0x0000000008001fc0                LSM303AGR_ACC_GetCapabilities
 .text.LSM303AGR_MAG_GetCapabilities
                0x0000000008001fe0       0x20 ./Drivers/BSP/Components/lsm303agr/lsm303agr.o
                0x0000000008001fe0                LSM303AGR_MAG_GetCapabilities
 .text.LSM303AGR_MAG_GetSensitivity
                0x0000000008002000        0xa ./Drivers/BSP/Components/lsm303agr/lsm303agr.o
                0x0000000008002000                LSM303AGR_MAG_GetSensitivity
 .text.LSM303AGR_MAG_GetFullScale
                0x000000000800200a        0x8 ./Drivers/BSP/Components/lsm303agr/lsm303agr.o
                0x000000000800200a                LSM303AGR_MAG_GetFullScale
 .text.LSM303AGR_MAG_SetFullScale
                0x0000000008002012        0x4 ./Drivers/BSP/Components/lsm303agr/lsm303agr.o
                0x0000000008002012                LSM303AGR_MAG_SetFullScale
 .text.LSM303AGR_ACC_Init
                0x0000000008002016       0x4a ./Drivers/BSP/Components/lsm303agr/lsm303agr.o
                0x0000000008002016                LSM303AGR_ACC_Init
 .text.LSM303AGR_ACC_SetFullScale
                0x0000000008002060       0x2a ./Drivers/BSP/Components/lsm303agr/lsm303agr.o
                0x0000000008002060                LSM303AGR_ACC_SetFullScale
 .text.LSM303AGR_ACC_ReadID
                0x000000000800208a       0x12 ./Drivers/BSP/Components/lsm303agr/lsm303agr.o
                0x000000000800208a                LSM303AGR_ACC_ReadID
 .text.LSM303AGR_ACC_GetOutputDataRate
                0x000000000800209c       0xd0 ./Drivers/BSP/Components/lsm303agr/lsm303agr.o
                0x000000000800209c                LSM303AGR_ACC_GetOutputDataRate
 .text.LSM303AGR_ACC_GetFullScale
                0x000000000800216c       0x3a ./Drivers/BSP/Components/lsm303agr/lsm303agr.o
                0x000000000800216c                LSM303AGR_ACC_GetFullScale
 *fill*         0x00000000080021a6        0x2 
 .text.LSM303AGR_ACC_GetAxesRaw
                0x00000000080021a8       0x5c ./Drivers/BSP/Components/lsm303agr/lsm303agr.o
                0x00000000080021a8                LSM303AGR_ACC_GetAxesRaw
 .text.LSM303AGR_MAG_SetOutputDataRate
                0x0000000008002204       0x4c ./Drivers/BSP/Components/lsm303agr/lsm303agr.o
                0x0000000008002204                LSM303AGR_MAG_SetOutputDataRate
 .text.LSM303AGR_MAG_Init
                0x0000000008002250       0x44 ./Drivers/BSP/Components/lsm303agr/lsm303agr.o
                0x0000000008002250                LSM303AGR_MAG_Init
 .text.LSM303AGR_MAG_ReadID
                0x0000000008002294       0x12 ./Drivers/BSP/Components/lsm303agr/lsm303agr.o
                0x0000000008002294                LSM303AGR_MAG_ReadID
 *fill*         0x00000000080022a6        0x2 
 .text.LSM303AGR_MAG_GetOutputDataRate
                0x00000000080022a8       0x4c ./Drivers/BSP/Components/lsm303agr/lsm303agr.o
                0x00000000080022a8                LSM303AGR_MAG_GetOutputDataRate
 .text.LSM303AGR_MAG_GetAxesRaw
                0x00000000080022f4       0x2a ./Drivers/BSP/Components/lsm303agr/lsm303agr.o
                0x00000000080022f4                LSM303AGR_MAG_GetAxesRaw
 .text.LSM303AGR_MAG_GetAxes
                0x000000000800231e       0x64 ./Drivers/BSP/Components/lsm303agr/lsm303agr.o
                0x000000000800231e                LSM303AGR_MAG_GetAxes
 *fill*         0x0000000008002382        0x2 
 .text.LSM303AGR_ACC_SetOutputDataRate
                0x0000000008002384       0xfc ./Drivers/BSP/Components/lsm303agr/lsm303agr.o
                0x0000000008002384                LSM303AGR_ACC_SetOutputDataRate
 .text.ReadAccRegWrap
                0x0000000008002480       0x1c ./Drivers/BSP/Components/lsm303agr/lsm303agr.o
 .text.WriteAccRegWrap
                0x000000000800249c       0x1c ./Drivers/BSP/Components/lsm303agr/lsm303agr.o
 .text.ReadMagRegWrap
                0x00000000080024b8       0x1c ./Drivers/BSP/Components/lsm303agr/lsm303agr.o
 .text.WriteMagRegWrap
                0x00000000080024d4       0x1c ./Drivers/BSP/Components/lsm303agr/lsm303agr.o
 .text.LSM303AGR_ACC_Enable
                0x00000000080024f0       0x2a ./Drivers/BSP/Components/lsm303agr/lsm303agr.o
                0x00000000080024f0                LSM303AGR_ACC_Enable
 .text.LSM303AGR_ACC_Disable
                0x000000000800251a       0x32 ./Drivers/BSP/Components/lsm303agr/lsm303agr.o
                0x000000000800251a                LSM303AGR_ACC_Disable
 .text.LSM303AGR_ACC_DeInit
                0x000000000800254c       0x1a ./Drivers/BSP/Components/lsm303agr/lsm303agr.o
                0x000000000800254c                LSM303AGR_ACC_DeInit
 *fill*         0x0000000008002566        0x2 
 .text.LSM303AGR_ACC_GetSensitivity
                0x0000000008002568       0xd4 ./Drivers/BSP/Components/lsm303agr/lsm303agr.o
                0x0000000008002568                LSM303AGR_ACC_GetSensitivity
 .text.LSM303AGR_ACC_GetAxes
                0x000000000800263c       0x76 ./Drivers/BSP/Components/lsm303agr/lsm303agr.o
                0x000000000800263c                LSM303AGR_ACC_GetAxes
 .text.LSM303AGR_MAG_Enable
                0x00000000080026b2       0x28 ./Drivers/BSP/Components/lsm303agr/lsm303agr.o
                0x00000000080026b2                LSM303AGR_MAG_Enable
 .text.LSM303AGR_MAG_Disable
                0x00000000080026da       0x22 ./Drivers/BSP/Components/lsm303agr/lsm303agr.o
                0x00000000080026da                LSM303AGR_MAG_Disable
 .text.LSM303AGR_MAG_DeInit
                0x00000000080026fc       0x16 ./Drivers/BSP/Components/lsm303agr/lsm303agr.o
                0x00000000080026fc                LSM303AGR_MAG_DeInit
 .text.LSM303AGR_ACC_Write_Reg
                0x0000000008002712       0x20 ./Drivers/BSP/Components/lsm303agr/lsm303agr.o
                0x0000000008002712                LSM303AGR_ACC_Write_Reg
 *fill*         0x0000000008002732        0x2 
 .text.LSM303AGR_ACC_RegisterBusIO
                0x0000000008002734       0x64 ./Drivers/BSP/Components/lsm303agr/lsm303agr.o
                0x0000000008002734                LSM303AGR_ACC_RegisterBusIO
 .text.LSM303AGR_MAG_RegisterBusIO
                0x0000000008002798       0x68 ./Drivers/BSP/Components/lsm303agr/lsm303agr.o
                0x0000000008002798                LSM303AGR_MAG_RegisterBusIO
 .text.lsm303agr_read_reg
                0x0000000008002800        0xe ./Drivers/BSP/Components/lsm303agr/lsm303agr_reg.o
                0x0000000008002800                lsm303agr_read_reg
 .text.lsm303agr_write_reg
                0x000000000800280e        0xe ./Drivers/BSP/Components/lsm303agr/lsm303agr_reg.o
                0x000000000800280e                lsm303agr_write_reg
 .text.lsm303agr_xl_operating_mode_get
                0x000000000800281c       0x3c ./Drivers/BSP/Components/lsm303agr/lsm303agr_reg.o
                0x000000000800281c                lsm303agr_xl_operating_mode_get
 .text.lsm303agr_xl_data_rate_set
                0x0000000008002858       0x2e ./Drivers/BSP/Components/lsm303agr/lsm303agr_reg.o
                0x0000000008002858                lsm303agr_xl_data_rate_set
 .text.lsm303agr_xl_data_rate_get
                0x0000000008002886       0x54 ./Drivers/BSP/Components/lsm303agr/lsm303agr_reg.o
                0x0000000008002886                lsm303agr_xl_data_rate_get
 .text.lsm303agr_xl_full_scale_set
                0x00000000080028da       0x2e ./Drivers/BSP/Components/lsm303agr/lsm303agr_reg.o
                0x00000000080028da                lsm303agr_xl_full_scale_set
 .text.lsm303agr_xl_full_scale_get
                0x0000000008002908       0x2e ./Drivers/BSP/Components/lsm303agr/lsm303agr_reg.o
                0x0000000008002908                lsm303agr_xl_full_scale_get
 .text.lsm303agr_xl_block_data_update_set
                0x0000000008002936       0x2e ./Drivers/BSP/Components/lsm303agr/lsm303agr_reg.o
                0x0000000008002936                lsm303agr_xl_block_data_update_set
 .text.lsm303agr_acceleration_raw_get
                0x0000000008002964       0x3c ./Drivers/BSP/Components/lsm303agr/lsm303agr_reg.o
                0x0000000008002964                lsm303agr_acceleration_raw_get
 .text.lsm303agr_mag_operating_mode_set
                0x00000000080029a0       0x2e ./Drivers/BSP/Components/lsm303agr/lsm303agr_reg.o
                0x00000000080029a0                lsm303agr_mag_operating_mode_set
 .text.lsm303agr_mag_data_rate_set
                0x00000000080029ce       0x2e ./Drivers/BSP/Components/lsm303agr/lsm303agr_reg.o
                0x00000000080029ce                lsm303agr_mag_data_rate_set
 .text.lsm303agr_mag_data_rate_get
                0x00000000080029fc       0x2e ./Drivers/BSP/Components/lsm303agr/lsm303agr_reg.o
                0x00000000080029fc                lsm303agr_mag_data_rate_get
 .text.lsm303agr_mag_block_data_update_set
                0x0000000008002a2a       0x2e ./Drivers/BSP/Components/lsm303agr/lsm303agr_reg.o
                0x0000000008002a2a                lsm303agr_mag_block_data_update_set
 .text.lsm303agr_magnetic_raw_get
                0x0000000008002a58       0x3c ./Drivers/BSP/Components/lsm303agr/lsm303agr_reg.o
                0x0000000008002a58                lsm303agr_magnetic_raw_get
 .text.lsm303agr_xl_device_id_get
                0x0000000008002a94        0xa ./Drivers/BSP/Components/lsm303agr/lsm303agr_reg.o
                0x0000000008002a94                lsm303agr_xl_device_id_get
 .text.lsm303agr_mag_device_id_get
                0x0000000008002a9e        0xa ./Drivers/BSP/Components/lsm303agr/lsm303agr_reg.o
                0x0000000008002a9e                lsm303agr_mag_device_id_get
 .text.lsm303agr_mag_self_test_set
                0x0000000008002aa8       0x2e ./Drivers/BSP/Components/lsm303agr/lsm303agr_reg.o
                0x0000000008002aa8                lsm303agr_mag_self_test_set
 .text.lsm303agr_xl_fifo_mode_set
                0x0000000008002ad6       0x2e ./Drivers/BSP/Components/lsm303agr/lsm303agr_reg.o
                0x0000000008002ad6                lsm303agr_xl_fifo_mode_set
 .text.lsm303agr_mag_i2c_interface_set
                0x0000000008002b04       0x2e ./Drivers/BSP/Components/lsm303agr/lsm303agr_reg.o
                0x0000000008002b04                lsm303agr_mag_i2c_interface_set
 *fill*         0x0000000008002b32        0x2 
 .text.LSM6DSL_GetCapabilities
                0x0000000008002b34       0x24 ./Drivers/BSP/Components/lsm6dsl/lsm6dsl.o
                0x0000000008002b34                LSM6DSL_GetCapabilities
 .text.ReadRegWrap
                0x0000000008002b58        0xe ./Drivers/BSP/Components/lsm6dsl/lsm6dsl.o
 .text.WriteRegWrap
                0x0000000008002b66        0xe ./Drivers/BSP/Components/lsm6dsl/lsm6dsl.o
 .text.LSM6DSL_ACC_SetFullScale
                0x0000000008002b74       0x2a ./Drivers/BSP/Components/lsm6dsl/lsm6dsl.o
                0x0000000008002b74                LSM6DSL_ACC_SetFullScale
 .text.LSM6DSL_Init
                0x0000000008002b9e       0x72 ./Drivers/BSP/Components/lsm6dsl/lsm6dsl.o
                0x0000000008002b9e                LSM6DSL_Init
 .text.LSM6DSL_GYRO_SetFullScale
                0x0000000008002c10       0x36 ./Drivers/BSP/Components/lsm6dsl/lsm6dsl.o
                0x0000000008002c10                LSM6DSL_GYRO_SetFullScale
 .text.LSM6DSL_ReadID
                0x0000000008002c46       0x12 ./Drivers/BSP/Components/lsm6dsl/lsm6dsl.o
                0x0000000008002c46                LSM6DSL_ReadID
 .text.LSM6DSL_ACC_GetOutputDataRate
                0x0000000008002c58       0x90 ./Drivers/BSP/Components/lsm6dsl/lsm6dsl.o
                0x0000000008002c58                LSM6DSL_ACC_GetOutputDataRate
 .text.LSM6DSL_ACC_GetSensitivity
                0x0000000008002ce8       0x4c ./Drivers/BSP/Components/lsm6dsl/lsm6dsl.o
                0x0000000008002ce8                LSM6DSL_ACC_GetSensitivity
 .text.LSM6DSL_ACC_GetFullScale
                0x0000000008002d34       0x3a ./Drivers/BSP/Components/lsm6dsl/lsm6dsl.o
                0x0000000008002d34                LSM6DSL_ACC_GetFullScale
 .text.LSM6DSL_ACC_GetAxesRaw
                0x0000000008002d6e       0x2a ./Drivers/BSP/Components/lsm6dsl/lsm6dsl.o
                0x0000000008002d6e                LSM6DSL_ACC_GetAxesRaw
 .text.LSM6DSL_ACC_GetAxes
                0x0000000008002d98       0x78 ./Drivers/BSP/Components/lsm6dsl/lsm6dsl.o
                0x0000000008002d98                LSM6DSL_ACC_GetAxes
 .text.LSM6DSL_GYRO_GetOutputDataRate
                0x0000000008002e10       0x88 ./Drivers/BSP/Components/lsm6dsl/lsm6dsl.o
                0x0000000008002e10                LSM6DSL_GYRO_GetOutputDataRate
 .text.LSM6DSL_GYRO_GetSensitivity
                0x0000000008002e98       0x58 ./Drivers/BSP/Components/lsm6dsl/lsm6dsl.o
                0x0000000008002e98                LSM6DSL_GYRO_GetSensitivity
 .text.LSM6DSL_GYRO_GetFullScale
                0x0000000008002ef0       0x48 ./Drivers/BSP/Components/lsm6dsl/lsm6dsl.o
                0x0000000008002ef0                LSM6DSL_GYRO_GetFullScale
 .text.LSM6DSL_GYRO_GetAxesRaw
                0x0000000008002f38       0x2a ./Drivers/BSP/Components/lsm6dsl/lsm6dsl.o
                0x0000000008002f38                LSM6DSL_GYRO_GetAxesRaw
 .text.LSM6DSL_GYRO_GetAxes
                0x0000000008002f62       0x74 ./Drivers/BSP/Components/lsm6dsl/lsm6dsl.o
                0x0000000008002f62                LSM6DSL_GYRO_GetAxes
 *fill*         0x0000000008002fd6        0x2 
 .text.LSM6DSL_ACC_SetOutputDataRate
                0x0000000008002fd8      0x178 ./Drivers/BSP/Components/lsm6dsl/lsm6dsl.o
                0x0000000008002fd8                LSM6DSL_ACC_SetOutputDataRate
 .text.LSM6DSL_GYRO_SetOutputDataRate
                0x0000000008003150      0x178 ./Drivers/BSP/Components/lsm6dsl/lsm6dsl.o
                0x0000000008003150                LSM6DSL_GYRO_SetOutputDataRate
 .text.LSM6DSL_ACC_Enable
                0x00000000080032c8       0x2a ./Drivers/BSP/Components/lsm6dsl/lsm6dsl.o
                0x00000000080032c8                LSM6DSL_ACC_Enable
 .text.LSM6DSL_GYRO_Enable
                0x00000000080032f2       0x2a ./Drivers/BSP/Components/lsm6dsl/lsm6dsl.o
                0x00000000080032f2                LSM6DSL_GYRO_Enable
 .text.LSM6DSL_ACC_Disable
                0x000000000800331c       0x32 ./Drivers/BSP/Components/lsm6dsl/lsm6dsl.o
                0x000000000800331c                LSM6DSL_ACC_Disable
 .text.LSM6DSL_GYRO_Disable
                0x000000000800334e       0x32 ./Drivers/BSP/Components/lsm6dsl/lsm6dsl.o
                0x000000000800334e                LSM6DSL_GYRO_Disable
 .text.LSM6DSL_DeInit
                0x0000000008003380       0x28 ./Drivers/BSP/Components/lsm6dsl/lsm6dsl.o
                0x0000000008003380                LSM6DSL_DeInit
 .text.LSM6DSL_Write_Reg
                0x00000000080033a8       0x20 ./Drivers/BSP/Components/lsm6dsl/lsm6dsl.o
                0x00000000080033a8                LSM6DSL_Write_Reg
 .text.LSM6DSL_RegisterBusIO
                0x00000000080033c8       0x68 ./Drivers/BSP/Components/lsm6dsl/lsm6dsl.o
                0x00000000080033c8                LSM6DSL_RegisterBusIO
 .text.lsm6dsl_read_reg
                0x0000000008003430        0xe ./Drivers/BSP/Components/lsm6dsl/lsm6dsl_reg.o
                0x0000000008003430                lsm6dsl_read_reg
 .text.lsm6dsl_write_reg
                0x000000000800343e        0xe ./Drivers/BSP/Components/lsm6dsl/lsm6dsl_reg.o
                0x000000000800343e                lsm6dsl_write_reg
 .text.lsm6dsl_xl_full_scale_set
                0x000000000800344c       0x2e ./Drivers/BSP/Components/lsm6dsl/lsm6dsl_reg.o
                0x000000000800344c                lsm6dsl_xl_full_scale_set
 .text.lsm6dsl_xl_full_scale_get
                0x000000000800347a       0x3a ./Drivers/BSP/Components/lsm6dsl/lsm6dsl_reg.o
                0x000000000800347a                lsm6dsl_xl_full_scale_get
 .text.lsm6dsl_xl_data_rate_set
                0x00000000080034b4       0x2e ./Drivers/BSP/Components/lsm6dsl/lsm6dsl_reg.o
                0x00000000080034b4                lsm6dsl_xl_data_rate_set
 .text.lsm6dsl_xl_data_rate_get
                0x00000000080034e2       0x60 ./Drivers/BSP/Components/lsm6dsl/lsm6dsl_reg.o
                0x00000000080034e2                lsm6dsl_xl_data_rate_get
 .text.lsm6dsl_gy_full_scale_set
                0x0000000008003542       0x2e ./Drivers/BSP/Components/lsm6dsl/lsm6dsl_reg.o
                0x0000000008003542                lsm6dsl_gy_full_scale_set
 .text.lsm6dsl_gy_full_scale_get
                0x0000000008003570       0x42 ./Drivers/BSP/Components/lsm6dsl/lsm6dsl_reg.o
                0x0000000008003570                lsm6dsl_gy_full_scale_get
 .text.lsm6dsl_gy_data_rate_set
                0x00000000080035b2       0x2e ./Drivers/BSP/Components/lsm6dsl/lsm6dsl_reg.o
                0x00000000080035b2                lsm6dsl_gy_data_rate_set
 .text.lsm6dsl_gy_data_rate_get
                0x00000000080035e0       0x5c ./Drivers/BSP/Components/lsm6dsl/lsm6dsl_reg.o
                0x00000000080035e0                lsm6dsl_gy_data_rate_get
 .text.lsm6dsl_block_data_update_set
                0x000000000800363c       0x2e ./Drivers/BSP/Components/lsm6dsl/lsm6dsl_reg.o
                0x000000000800363c                lsm6dsl_block_data_update_set
 .text.lsm6dsl_angular_rate_raw_get
                0x000000000800366a       0x3c ./Drivers/BSP/Components/lsm6dsl/lsm6dsl_reg.o
                0x000000000800366a                lsm6dsl_angular_rate_raw_get
 .text.lsm6dsl_acceleration_raw_get
                0x00000000080036a6       0x3c ./Drivers/BSP/Components/lsm6dsl/lsm6dsl_reg.o
                0x00000000080036a6                lsm6dsl_acceleration_raw_get
 .text.lsm6dsl_device_id_get
                0x00000000080036e2        0xa ./Drivers/BSP/Components/lsm6dsl/lsm6dsl_reg.o
                0x00000000080036e2                lsm6dsl_device_id_get
 .text.lsm6dsl_auto_increment_set
                0x00000000080036ec       0x2e ./Drivers/BSP/Components/lsm6dsl/lsm6dsl_reg.o
                0x00000000080036ec                lsm6dsl_auto_increment_set
 .text.lsm6dsl_fifo_mode_set
                0x000000000800371a       0x2e ./Drivers/BSP/Components/lsm6dsl/lsm6dsl_reg.o
                0x000000000800371a                lsm6dsl_fifo_mode_set
 .text.IKS01A2_ENV_SENSOR_Init
                0x0000000008003748      0x24c ./Drivers/BSP/IKS01A2/iks01a2_env_sensors.o
                0x0000000008003748                IKS01A2_ENV_SENSOR_Init
 .text.IKS01A2_ENV_SENSOR_GetCapabilities
                0x0000000008003994       0x30 ./Drivers/BSP/IKS01A2/iks01a2_env_sensors.o
                0x0000000008003994                IKS01A2_ENV_SENSOR_GetCapabilities
 .text.IKS01A2_ENV_SENSOR_ReadID
                0x00000000080039c4       0x30 ./Drivers/BSP/IKS01A2/iks01a2_env_sensors.o
                0x00000000080039c4                IKS01A2_ENV_SENSOR_ReadID
 .text.IKS01A2_ENV_SENSOR_GetOutputDataRate
                0x00000000080039f4       0x54 ./Drivers/BSP/IKS01A2/iks01a2_env_sensors.o
                0x00000000080039f4                IKS01A2_ENV_SENSOR_GetOutputDataRate
 .text.IKS01A2_ENV_SENSOR_GetValue
                0x0000000008003a48       0x54 ./Drivers/BSP/IKS01A2/iks01a2_env_sensors.o
                0x0000000008003a48                IKS01A2_ENV_SENSOR_GetValue
 .text.IKS01A2_MOTION_SENSOR_Init
                0x0000000008003a9c      0x2e8 ./Drivers/BSP/IKS01A2/iks01a2_motion_sensors.o
                0x0000000008003a9c                IKS01A2_MOTION_SENSOR_Init
 .text.IKS01A2_MOTION_SENSOR_GetCapabilities
                0x0000000008003d84       0x30 ./Drivers/BSP/IKS01A2/iks01a2_motion_sensors.o
                0x0000000008003d84                IKS01A2_MOTION_SENSOR_GetCapabilities
 .text.IKS01A2_MOTION_SENSOR_ReadID
                0x0000000008003db4       0x30 ./Drivers/BSP/IKS01A2/iks01a2_motion_sensors.o
                0x0000000008003db4                IKS01A2_MOTION_SENSOR_ReadID
 .text.IKS01A2_MOTION_SENSOR_GetAxes
                0x0000000008003de4       0x54 ./Drivers/BSP/IKS01A2/iks01a2_motion_sensors.o
                0x0000000008003de4                IKS01A2_MOTION_SENSOR_GetAxes
 .text.IKS01A2_MOTION_SENSOR_GetOutputDataRate
                0x0000000008003e38       0x54 ./Drivers/BSP/IKS01A2/iks01a2_motion_sensors.o
                0x0000000008003e38                IKS01A2_MOTION_SENSOR_GetOutputDataRate
 .text.IKS01A2_MOTION_SENSOR_GetFullScale
                0x0000000008003e8c       0x54 ./Drivers/BSP/IKS01A2/iks01a2_motion_sensors.o
                0x0000000008003e8c                IKS01A2_MOTION_SENSOR_GetFullScale
 .text.BSP_LED_Init
                0x0000000008003ee0       0x64 ./Drivers/BSP/custom/custom.o
                0x0000000008003ee0                BSP_LED_Init
 .text.BSP_PB_Init
                0x0000000008003f44       0xa0 ./Drivers/BSP/custom/custom.o
                0x0000000008003f44                BSP_PB_Init
 .text.BSP_PB_GetState
                0x0000000008003fe4       0x18 ./Drivers/BSP/custom/custom.o
                0x0000000008003fe4                BSP_PB_GetState
 .text.BUTTON_USER_EXTI_Callback
                0x0000000008003ffc        0xa ./Drivers/BSP/custom/custom.o
 *fill*         0x0000000008004006        0x2 
 .text.MX_USART2_UART_Init
                0x0000000008004008       0x30 ./Drivers/BSP/custom/custom.o
                0x0000000008004008                MX_USART2_UART_Init
 .text.BSP_COM_Init
                0x0000000008004038       0xa0 ./Drivers/BSP/custom/custom.o
                0x0000000008004038                BSP_COM_Init
 .text.__io_putchar
                0x00000000080040d8       0x2c ./Drivers/BSP/custom/custom.o
                0x00000000080040d8                __io_putchar
 .text.HAL_InitTick
                0x0000000008004104       0x4c ./Drivers/STM32L4xx_HAL_Driver/Src/stm32l4xx_hal.o
                0x0000000008004104                HAL_InitTick
 .text.HAL_Init
                0x0000000008004150       0x1e ./Drivers/STM32L4xx_HAL_Driver/Src/stm32l4xx_hal.o
                0x0000000008004150                HAL_Init
 *fill*         0x000000000800416e        0x2 
 .text.HAL_IncTick
                0x0000000008004170       0x18 ./Drivers/STM32L4xx_HAL_Driver/Src/stm32l4xx_hal.o
                0x0000000008004170                HAL_IncTick
 .text.HAL_GetTick
                0x0000000008004188        0xc ./Drivers/STM32L4xx_HAL_Driver/Src/stm32l4xx_hal.o
                0x0000000008004188                HAL_GetTick
 .text.HAL_Delay
                0x0000000008004194       0x28 ./Drivers/STM32L4xx_HAL_Driver/Src/stm32l4xx_hal.o
                0x0000000008004194                HAL_Delay
 .text.HAL_NVIC_SetPriorityGrouping
                0x00000000080041bc       0x24 ./Drivers/STM32L4xx_HAL_Driver/Src/stm32l4xx_hal_cortex.o
                0x00000000080041bc                HAL_NVIC_SetPriorityGrouping
 .text.HAL_NVIC_SetPriority
                0x00000000080041e0       0x64 ./Drivers/STM32L4xx_HAL_Driver/Src/stm32l4xx_hal_cortex.o
                0x00000000080041e0                HAL_NVIC_SetPriority
 .text.HAL_NVIC_EnableIRQ
                0x0000000008004244       0x1c ./Drivers/STM32L4xx_HAL_Driver/Src/stm32l4xx_hal_cortex.o
                0x0000000008004244                HAL_NVIC_EnableIRQ
 .text.HAL_SYSTICK_Config
                0x0000000008004260       0x2c ./Drivers/STM32L4xx_HAL_Driver/Src/stm32l4xx_hal_cortex.o
                0x0000000008004260                HAL_SYSTICK_Config
 .text.HAL_EXTI_RegisterCallback
                0x000000000800428c        0xc ./Drivers/STM32L4xx_HAL_Driver/Src/stm32l4xx_hal_exti.o
                0x000000000800428c                HAL_EXTI_RegisterCallback
 .text.HAL_EXTI_GetHandle
                0x0000000008004298        0xc ./Drivers/STM32L4xx_HAL_Driver/Src/stm32l4xx_hal_exti.o
                0x0000000008004298                HAL_EXTI_GetHandle
 .text.HAL_EXTI_IRQHandler
                0x00000000080042a4       0x30 ./Drivers/STM32L4xx_HAL_Driver/Src/stm32l4xx_hal_exti.o
                0x00000000080042a4                HAL_EXTI_IRQHandler
 .text.HAL_GPIO_Init
                0x00000000080042d4      0x1bc ./Drivers/STM32L4xx_HAL_Driver/Src/stm32l4xx_hal_gpio.o
                0x00000000080042d4                HAL_GPIO_Init
 .text.HAL_GPIO_DeInit
                0x0000000008004490      0x11c ./Drivers/STM32L4xx_HAL_Driver/Src/stm32l4xx_hal_gpio.o
                0x0000000008004490                HAL_GPIO_DeInit
 .text.HAL_GPIO_ReadPin
                0x00000000080045ac        0xc ./Drivers/STM32L4xx_HAL_Driver/Src/stm32l4xx_hal_gpio.o
                0x00000000080045ac                HAL_GPIO_ReadPin
 .text.HAL_GPIO_WritePin
                0x00000000080045b8        0xa ./Drivers/STM32L4xx_HAL_Driver/Src/stm32l4xx_hal_gpio.o
                0x00000000080045b8                HAL_GPIO_WritePin
 .text.I2C_Flush_TXDR
                0x00000000080045c2       0x1c ./Drivers/STM32L4xx_HAL_Driver/Src/stm32l4xx_hal_i2c.o
 *fill*         0x00000000080045de        0x2 
 .text.I2C_TransferConfig
                0x00000000080045e0       0x28 ./Drivers/STM32L4xx_HAL_Driver/Src/stm32l4xx_hal_i2c.o
 .text.I2C_IsAcknowledgeFailed
                0x0000000008004608       0x7a ./Drivers/STM32L4xx_HAL_Driver/Src/stm32l4xx_hal_i2c.o
 .text.I2C_WaitOnSTOPFlagUntilTimeout
                0x0000000008004682       0x4a ./Drivers/STM32L4xx_HAL_Driver/Src/stm32l4xx_hal_i2c.o
 .text.I2C_WaitOnFlagUntilTimeout
                0x00000000080046cc       0x54 ./Drivers/STM32L4xx_HAL_Driver/Src/stm32l4xx_hal_i2c.o
 .text.I2C_WaitOnTXISFlagUntilTimeout
                0x0000000008004720       0x4e ./Drivers/STM32L4xx_HAL_Driver/Src/stm32l4xx_hal_i2c.o
 *fill*         0x000000000800476e        0x2 
 .text.I2C_RequestMemoryWrite
                0x0000000008004770       0x6c ./Drivers/STM32L4xx_HAL_Driver/Src/stm32l4xx_hal_i2c.o
 .text.I2C_RequestMemoryRead
                0x00000000080047dc       0x6c ./Drivers/STM32L4xx_HAL_Driver/Src/stm32l4xx_hal_i2c.o
 .text.HAL_I2C_MspInit
                0x0000000008004848        0x2 ./Drivers/STM32L4xx_HAL_Driver/Src/stm32l4xx_hal_i2c.o
                0x0000000008004848                HAL_I2C_MspInit
 .text.HAL_I2C_Init
                0x000000000800484a       0xa2 ./Drivers/STM32L4xx_HAL_Driver/Src/stm32l4xx_hal_i2c.o
                0x000000000800484a                HAL_I2C_Init
 .text.HAL_I2C_MspDeInit
                0x00000000080048ec        0x2 ./Drivers/STM32L4xx_HAL_Driver/Src/stm32l4xx_hal_i2c.o
                0x00000000080048ec                HAL_I2C_MspDeInit
 .text.HAL_I2C_DeInit
                0x00000000080048ee       0x32 ./Drivers/STM32L4xx_HAL_Driver/Src/stm32l4xx_hal_i2c.o
                0x00000000080048ee                HAL_I2C_DeInit
 .text.HAL_I2C_Mem_Write
                0x0000000008004920      0x16c ./Drivers/STM32L4xx_HAL_Driver/Src/stm32l4xx_hal_i2c.o
                0x0000000008004920                HAL_I2C_Mem_Write
 .text.HAL_I2C_Mem_Read
                0x0000000008004a8c      0x178 ./Drivers/STM32L4xx_HAL_Driver/Src/stm32l4xx_hal_i2c.o
                0x0000000008004a8c                HAL_I2C_Mem_Read
 .text.HAL_I2C_GetState
                0x0000000008004c04        0x6 ./Drivers/STM32L4xx_HAL_Driver/Src/stm32l4xx_hal_i2c.o
                0x0000000008004c04                HAL_I2C_GetState
 .text.HAL_I2C_GetError
                0x0000000008004c0a        0x4 ./Drivers/STM32L4xx_HAL_Driver/Src/stm32l4xx_hal_i2c.o
                0x0000000008004c0a                HAL_I2C_GetError
 .text.HAL_I2CEx_ConfigAnalogFilter
                0x0000000008004c0e       0x4c ./Drivers/STM32L4xx_HAL_Driver/Src/stm32l4xx_hal_i2c_ex.o
                0x0000000008004c0e                HAL_I2CEx_ConfigAnalogFilter
 .text.HAL_I2CEx_ConfigDigitalFilter
                0x0000000008004c5a       0x4a ./Drivers/STM32L4xx_HAL_Driver/Src/stm32l4xx_hal_i2c_ex.o
                0x0000000008004c5a                HAL_I2CEx_ConfigDigitalFilter
 .text.HAL_PWREx_GetVoltageRange
                0x0000000008004ca4       0x10 ./Drivers/STM32L4xx_HAL_Driver/Src/stm32l4xx_hal_pwr_ex.o
                0x0000000008004ca4                HAL_PWREx_GetVoltageRange
 .text.HAL_PWREx_ControlVoltageScaling
                0x0000000008004cb4       0x6c ./Drivers/STM32L4xx_HAL_Driver/Src/stm32l4xx_hal_pwr_ex.o
                0x0000000008004cb4                HAL_PWREx_ControlVoltageScaling
 .text.RCC_SetFlashLatencyFromMSIRange
                0x0000000008004d20       0x84 ./Drivers/STM32L4xx_HAL_Driver/Src/stm32l4xx_hal_rcc.o
 .text.HAL_RCC_GetSysClockFreq
                0x0000000008004da4       0x9c ./Drivers/STM32L4xx_HAL_Driver/Src/stm32l4xx_hal_rcc.o
                0x0000000008004da4                HAL_RCC_GetSysClockFreq
 .text.HAL_RCC_OscConfig
                0x0000000008004e40      0x50c ./Drivers/STM32L4xx_HAL_Driver/Src/stm32l4xx_hal_rcc.o
                0x0000000008004e40                HAL_RCC_OscConfig
 .text.HAL_RCC_ClockConfig
                0x000000000800534c      0x128 ./Drivers/STM32L4xx_HAL_Driver/Src/stm32l4xx_hal_rcc.o
                0x000000000800534c                HAL_RCC_ClockConfig
 .text.HAL_RCC_GetPCLK1Freq
                0x0000000008005474       0x24 ./Drivers/STM32L4xx_HAL_Driver/Src/stm32l4xx_hal_rcc.o
                0x0000000008005474                HAL_RCC_GetPCLK1Freq
 .text.HAL_RCC_GetPCLK2Freq
                0x0000000008005498       0x24 ./Drivers/STM32L4xx_HAL_Driver/Src/stm32l4xx_hal_rcc.o
                0x0000000008005498                HAL_RCC_GetPCLK2Freq
 .text.HAL_UART_MspInit
                0x00000000080054bc        0x2 ./Drivers/STM32L4xx_HAL_Driver/Src/stm32l4xx_hal_uart.o
                0x00000000080054bc                HAL_UART_MspInit
 *fill*         0x00000000080054be        0x2 
 .text.UART_SetConfig
                0x00000000080054c0      0x288 ./Drivers/STM32L4xx_HAL_Driver/Src/stm32l4xx_hal_uart.o
                0x00000000080054c0                UART_SetConfig
 .text.UART_AdvFeatureConfig
                0x0000000008005748       0xa8 ./Drivers/STM32L4xx_HAL_Driver/Src/stm32l4xx_hal_uart.o
                0x0000000008005748                UART_AdvFeatureConfig
 .text.UART_WaitOnFlagUntilTimeout
                0x00000000080057f0       0x8c ./Drivers/STM32L4xx_HAL_Driver/Src/stm32l4xx_hal_uart.o
                0x00000000080057f0                UART_WaitOnFlagUntilTimeout
 .text.HAL_UART_Transmit
                0x000000000800587c       0xb4 ./Drivers/STM32L4xx_HAL_Driver/Src/stm32l4xx_hal_uart.o
                0x000000000800587c                HAL_UART_Transmit
 .text.UART_CheckIdleState
                0x0000000008005930       0x66 ./Drivers/STM32L4xx_HAL_Driver/Src/stm32l4xx_hal_uart.o
                0x0000000008005930                UART_CheckIdleState
 .text.HAL_UART_Init
                0x0000000008005996       0x5c ./Drivers/STM32L4xx_HAL_Driver/Src/stm32l4xx_hal_uart.o
                0x0000000008005996                HAL_UART_Init
 *fill*         0x00000000080059f2        0x6 
 .text.floatToInt
                0x00000000080059f8       0xb4 ./MEMS/App/app_mems.o
 .text.MX_MEMS_Init
                0x0000000008005aac      0x200 ./MEMS/App/app_mems.o
                0x0000000008005aac                MX_MEMS_Init
 .text.MX_MEMS_Process
                0x0000000008005cac      0x690 ./MEMS/App/app_mems.o
                0x0000000008005cac                MX_MEMS_Process
 .text.BSP_PB_Callback
                0x000000000800633c        0xc ./MEMS/App/app_mems.o
                0x000000000800633c                BSP_PB_Callback
 .text.__errno  0x0000000008006348        0xc /Applications/STM32CubeIDE.app/Contents/Eclipse/plugins/com.st.stm32cube.ide.mcu.externaltools.gnu-tools-for-stm32.9-2020-q2-update.macos64_2.0.0.202105311346/tools/bin/../lib/gcc/arm-none-eabi/9.3.1/../../../../arm-none-eabi/lib/thumb/v7e-m+fp/hard/libc_nano.a(lib_a-errno.o)
                0x0000000008006348                __errno
 .text.__libc_init_array
                0x0000000008006354       0x48 /Applications/STM32CubeIDE.app/Contents/Eclipse/plugins/com.st.stm32cube.ide.mcu.externaltools.gnu-tools-for-stm32.9-2020-q2-update.macos64_2.0.0.202105311346/tools/bin/../lib/gcc/arm-none-eabi/9.3.1/../../../../arm-none-eabi/lib/thumb/v7e-m+fp/hard/libc_nano.a(lib_a-init.o)
                0x0000000008006354                __libc_init_array
 .text.memset   0x000000000800639c       0x10 /Applications/STM32CubeIDE.app/Contents/Eclipse/plugins/com.st.stm32cube.ide.mcu.externaltools.gnu-tools-for-stm32.9-2020-q2-update.macos64_2.0.0.202105311346/tools/bin/../lib/gcc/arm-none-eabi/9.3.1/../../../../arm-none-eabi/lib/thumb/v7e-m+fp/hard/libc_nano.a(lib_a-memset.o)
                0x000000000800639c                memset
 .text.printf   0x00000000080063ac       0x30 /Applications/STM32CubeIDE.app/Contents/Eclipse/plugins/com.st.stm32cube.ide.mcu.externaltools.gnu-tools-for-stm32.9-2020-q2-update.macos64_2.0.0.202105311346/tools/bin/../lib/gcc/arm-none-eabi/9.3.1/../../../../arm-none-eabi/lib/thumb/v7e-m+fp/hard/libc_nano.a(lib_a-printf.o)
                0x00000000080063ac                printf
                0x00000000080063ac                iprintf
 .text.snprintf
                0x00000000080063dc       0x68 /Applications/STM32CubeIDE.app/Contents/Eclipse/plugins/com.st.stm32cube.ide.mcu.externaltools.gnu-tools-for-stm32.9-2020-q2-update.macos64_2.0.0.202105311346/tools/bin/../lib/gcc/arm-none-eabi/9.3.1/../../../../arm-none-eabi/lib/thumb/v7e-m+fp/hard/libc_nano.a(lib_a-snprintf.o)
                0x00000000080063dc                snprintf
                0x00000000080063dc                sniprintf
 .text.std      0x0000000008006444       0x48 /Applications/STM32CubeIDE.app/Contents/Eclipse/plugins/com.st.stm32cube.ide.mcu.externaltools.gnu-tools-for-stm32.9-2020-q2-update.macos64_2.0.0.202105311346/tools/bin/../lib/gcc/arm-none-eabi/9.3.1/../../../../arm-none-eabi/lib/thumb/v7e-m+fp/hard/libc_nano.a(lib_a-findfp.o)
 .text._cleanup_r
                0x000000000800648c        0xc /Applications/STM32CubeIDE.app/Contents/Eclipse/plugins/com.st.stm32cube.ide.mcu.externaltools.gnu-tools-for-stm32.9-2020-q2-update.macos64_2.0.0.202105311346/tools/bin/../lib/gcc/arm-none-eabi/9.3.1/../../../../arm-none-eabi/lib/thumb/v7e-m+fp/hard/libc_nano.a(lib_a-findfp.o)
                0x000000000800648c                _cleanup_r
 .text.__sfmoreglue
                0x0000000008006498       0x2c /Applications/STM32CubeIDE.app/Contents/Eclipse/plugins/com.st.stm32cube.ide.mcu.externaltools.gnu-tools-for-stm32.9-2020-q2-update.macos64_2.0.0.202105311346/tools/bin/../lib/gcc/arm-none-eabi/9.3.1/../../../../arm-none-eabi/lib/thumb/v7e-m+fp/hard/libc_nano.a(lib_a-findfp.o)
                0x0000000008006498                __sfmoreglue
 .text.__sfp_lock_acquire
                0x00000000080064c4        0xc /Applications/STM32CubeIDE.app/Contents/Eclipse/plugins/com.st.stm32cube.ide.mcu.externaltools.gnu-tools-for-stm32.9-2020-q2-update.macos64_2.0.0.202105311346/tools/bin/../lib/gcc/arm-none-eabi/9.3.1/../../../../arm-none-eabi/lib/thumb/v7e-m+fp/hard/libc_nano.a(lib_a-findfp.o)
                0x00000000080064c4                __sfp_lock_acquire
 .text.__sfp_lock_release
                0x00000000080064d0        0xc /Applications/STM32CubeIDE.app/Contents/Eclipse/plugins/com.st.stm32cube.ide.mcu.externaltools.gnu-tools-for-stm32.9-2020-q2-update.macos64_2.0.0.202105311346/tools/bin/../lib/gcc/arm-none-eabi/9.3.1/../../../../arm-none-eabi/lib/thumb/v7e-m+fp/hard/libc_nano.a(lib_a-findfp.o)
                0x00000000080064d0                __sfp_lock_release
 .text.__sinit_lock_acquire
                0x00000000080064dc        0xc /Applications/STM32CubeIDE.app/Contents/Eclipse/plugins/com.st.stm32cube.ide.mcu.externaltools.gnu-tools-for-stm32.9-2020-q2-update.macos64_2.0.0.202105311346/tools/bin/../lib/gcc/arm-none-eabi/9.3.1/../../../../arm-none-eabi/lib/thumb/v7e-m+fp/hard/libc_nano.a(lib_a-findfp.o)
                0x00000000080064dc                __sinit_lock_acquire
 .text.__sinit_lock_release
                0x00000000080064e8        0xc /Applications/STM32CubeIDE.app/Contents/Eclipse/plugins/com.st.stm32cube.ide.mcu.externaltools.gnu-tools-for-stm32.9-2020-q2-update.macos64_2.0.0.202105311346/tools/bin/../lib/gcc/arm-none-eabi/9.3.1/../../../../arm-none-eabi/lib/thumb/v7e-m+fp/hard/libc_nano.a(lib_a-findfp.o)
                0x00000000080064e8                __sinit_lock_release
 .text.__sinit  0x00000000080064f4       0x70 /Applications/STM32CubeIDE.app/Contents/Eclipse/plugins/com.st.stm32cube.ide.mcu.externaltools.gnu-tools-for-stm32.9-2020-q2-update.macos64_2.0.0.202105311346/tools/bin/../lib/gcc/arm-none-eabi/9.3.1/../../../../arm-none-eabi/lib/thumb/v7e-m+fp/hard/libc_nano.a(lib_a-findfp.o)
                0x00000000080064f4                __sinit
 .text.__sfp    0x0000000008006564       0x8c /Applications/STM32CubeIDE.app/Contents/Eclipse/plugins/com.st.stm32cube.ide.mcu.externaltools.gnu-tools-for-stm32.9-2020-q2-update.macos64_2.0.0.202105311346/tools/bin/../lib/gcc/arm-none-eabi/9.3.1/../../../../arm-none-eabi/lib/thumb/v7e-m+fp/hard/libc_nano.a(lib_a-findfp.o)
                0x0000000008006564                __sfp
 .text._fwalk_reent
                0x00000000080065f0       0x3e /Applications/STM32CubeIDE.app/Contents/Eclipse/plugins/com.st.stm32cube.ide.mcu.externaltools.gnu-tools-for-stm32.9-2020-q2-update.macos64_2.0.0.202105311346/tools/bin/../lib/gcc/arm-none-eabi/9.3.1/../../../../arm-none-eabi/lib/thumb/v7e-m+fp/hard/libc_nano.a(lib_a-fwalk.o)
                0x00000000080065f0                _fwalk_reent
 .text.__retarget_lock_init_recursive
                0x000000000800662e        0x2 /Applications/STM32CubeIDE.app/Contents/Eclipse/plugins/com.st.stm32cube.ide.mcu.externaltools.gnu-tools-for-stm32.9-2020-q2-update.macos64_2.0.0.202105311346/tools/bin/../lib/gcc/arm-none-eabi/9.3.1/../../../../arm-none-eabi/lib/thumb/v7e-m+fp/hard/libc_nano.a(lib_a-lock.o)
                0x000000000800662e                __retarget_lock_init_recursive
 .text.__retarget_lock_acquire_recursive
                0x0000000008006630        0x2 /Applications/STM32CubeIDE.app/Contents/Eclipse/plugins/com.st.stm32cube.ide.mcu.externaltools.gnu-tools-for-stm32.9-2020-q2-update.macos64_2.0.0.202105311346/tools/bin/../lib/gcc/arm-none-eabi/9.3.1/../../../../arm-none-eabi/lib/thumb/v7e-m+fp/hard/libc_nano.a(lib_a-lock.o)
                0x0000000008006630                __retarget_lock_acquire_recursive
 .text.__retarget_lock_release_recursive
                0x0000000008006632        0x2 /Applications/STM32CubeIDE.app/Contents/Eclipse/plugins/com.st.stm32cube.ide.mcu.externaltools.gnu-tools-for-stm32.9-2020-q2-update.macos64_2.0.0.202105311346/tools/bin/../lib/gcc/arm-none-eabi/9.3.1/../../../../arm-none-eabi/lib/thumb/v7e-m+fp/hard/libc_nano.a(lib_a-lock.o)
                0x0000000008006632                __retarget_lock_release_recursive
 .text._malloc_r
                0x0000000008006634       0xb4 /Applications/STM32CubeIDE.app/Contents/Eclipse/plugins/com.st.stm32cube.ide.mcu.externaltools.gnu-tools-for-stm32.9-2020-q2-update.macos64_2.0.0.202105311346/tools/bin/../lib/gcc/arm-none-eabi/9.3.1/../../../../arm-none-eabi/lib/thumb/v7e-m+fp/hard/libc_nano.a(lib_a-nano-mallocr.o)
                0x0000000008006634                _malloc_r
 .text.__ssputs_r
                0x00000000080066e8       0xb6 /Applications/STM32CubeIDE.app/Contents/Eclipse/plugins/com.st.stm32cube.ide.mcu.externaltools.gnu-tools-for-stm32.9-2020-q2-update.macos64_2.0.0.202105311346/tools/bin/../lib/gcc/arm-none-eabi/9.3.1/../../../../arm-none-eabi/lib/thumb/v7e-m+fp/hard/libc_nano.a(lib_a-nano-svfprintf.o)
                0x00000000080066e8                __ssputs_r
 *fill*         0x000000000800679e        0x2 
 .text._svfprintf_r
                0x00000000080067a0      0x200 /Applications/STM32CubeIDE.app/Contents/Eclipse/plugins/com.st.stm32cube.ide.mcu.externaltools.gnu-tools-for-stm32.9-2020-q2-update.macos64_2.0.0.202105311346/tools/bin/../lib/gcc/arm-none-eabi/9.3.1/../../../../arm-none-eabi/lib/thumb/v7e-m+fp/hard/libc_nano.a(lib_a-nano-svfprintf.o)
                0x00000000080067a0                _svfprintf_r
                0x00000000080067a0                _svfiprintf_r
 .text.__sfputc_r
                0x00000000080069a0       0x2e /Applications/STM32CubeIDE.app/Contents/Eclipse/plugins/com.st.stm32cube.ide.mcu.externaltools.gnu-tools-for-stm32.9-2020-q2-update.macos64_2.0.0.202105311346/tools/bin/../lib/gcc/arm-none-eabi/9.3.1/../../../../arm-none-eabi/lib/thumb/v7e-m+fp/hard/libc_nano.a(lib_a-nano-vfprintf.o)
 .text.__sfputs_r
                0x00000000080069ce       0x24 /Applications/STM32CubeIDE.app/Contents/Eclipse/plugins/com.st.stm32cube.ide.mcu.externaltools.gnu-tools-for-stm32.9-2020-q2-update.macos64_2.0.0.202105311346/tools/bin/../lib/gcc/arm-none-eabi/9.3.1/../../../../arm-none-eabi/lib/thumb/v7e-m+fp/hard/libc_nano.a(lib_a-nano-vfprintf.o)
                0x00000000080069ce                __sfputs_r
 *fill*         0x00000000080069f2        0x2 
 .text._vfprintf_r
                0x00000000080069f4      0x260 /Applications/STM32CubeIDE.app/Contents/Eclipse/plugins/com.st.stm32cube.ide.mcu.externaltools.gnu-tools-for-stm32.9-2020-q2-update.macos64_2.0.0.202105311346/tools/bin/../lib/gcc/arm-none-eabi/9.3.1/../../../../arm-none-eabi/lib/thumb/v7e-m+fp/hard/libc_nano.a(lib_a-nano-vfprintf.o)
                0x00000000080069f4                _vfiprintf_r
                0x00000000080069f4                _vfprintf_r
 .text._printf_common
                0x0000000008006c54       0xda /Applications/STM32CubeIDE.app/Contents/Eclipse/plugins/com.st.stm32cube.ide.mcu.externaltools.gnu-tools-for-stm32.9-2020-q2-update.macos64_2.0.0.202105311346/tools/bin/../lib/gcc/arm-none-eabi/9.3.1/../../../../arm-none-eabi/lib/thumb/v7e-m+fp/hard/libc_nano.a(lib_a-nano-vfprintf_i.o)
                0x0000000008006c54                _printf_common
 *fill*         0x0000000008006d2e        0x2 
 .text._printf_i
                0x0000000008006d30      0x24c /Applications/STM32CubeIDE.app/Contents/Eclipse/plugins/com.st.stm32cube.ide.mcu.externaltools.gnu-tools-for-stm32.9-2020-q2-update.macos64_2.0.0.202105311346/tools/bin/../lib/gcc/arm-none-eabi/9.3.1/../../../../arm-none-eabi/lib/thumb/v7e-m+fp/hard/libc_nano.a(lib_a-nano-vfprintf_i.o)
                0x0000000008006d30                _printf_i
 .text._sbrk_r  0x0000000008006f7c       0x20 /Applications/STM32CubeIDE.app/Contents/Eclipse/plugins/com.st.stm32cube.ide.mcu.externaltools.gnu-tools-for-stm32.9-2020-q2-update.macos64_2.0.0.202105311346/tools/bin/../lib/gcc/arm-none-eabi/9.3.1/../../../../arm-none-eabi/lib/thumb/v7e-m+fp/hard/libc_nano.a(lib_a-sbrkr.o)
                0x0000000008006f7c                _sbrk_r
 .text.__sread  0x0000000008006f9c       0x22 /Applications/STM32CubeIDE.app/Contents/Eclipse/plugins/com.st.stm32cube.ide.mcu.externaltools.gnu-tools-for-stm32.9-2020-q2-update.macos64_2.0.0.202105311346/tools/bin/../lib/gcc/arm-none-eabi/9.3.1/../../../../arm-none-eabi/lib/thumb/v7e-m+fp/hard/libc_nano.a(lib_a-stdio.o)
                0x0000000008006f9c                __sread
 .text.__swrite
                0x0000000008006fbe       0x38 /Applications/STM32CubeIDE.app/Contents/Eclipse/plugins/com.st.stm32cube.ide.mcu.externaltools.gnu-tools-for-stm32.9-2020-q2-update.macos64_2.0.0.202105311346/tools/bin/../lib/gcc/arm-none-eabi/9.3.1/../../../../arm-none-eabi/lib/thumb/v7e-m+fp/hard/libc_nano.a(lib_a-stdio.o)
                0x0000000008006fbe                __swrite
 .text.__sseek  0x0000000008006ff6       0x24 /Applications/STM32CubeIDE.app/Contents/Eclipse/plugins/com.st.stm32cube.ide.mcu.externaltools.gnu-tools-for-stm32.9-2020-q2-update.macos64_2.0.0.202105311346/tools/bin/../lib/gcc/arm-none-eabi/9.3.1/../../../../arm-none-eabi/lib/thumb/v7e-m+fp/hard/libc_nano.a(lib_a-stdio.o)
                0x0000000008006ff6                __sseek
 .text.__sclose
                0x000000000800701a        0x8 /Applications/STM32CubeIDE.app/Contents/Eclipse/plugins/com.st.stm32cube.ide.mcu.externaltools.gnu-tools-for-stm32.9-2020-q2-update.macos64_2.0.0.202105311346/tools/bin/../lib/gcc/arm-none-eabi/9.3.1/../../../../arm-none-eabi/lib/thumb/v7e-m+fp/hard/libc_nano.a(lib_a-stdio.o)
                0x000000000800701a                __sclose
 *fill*         0x0000000008007022        0x2 
 .text.__swbuf_r
                0x0000000008007024       0xa4 /Applications/STM32CubeIDE.app/Contents/Eclipse/plugins/com.st.stm32cube.ide.mcu.externaltools.gnu-tools-for-stm32.9-2020-q2-update.macos64_2.0.0.202105311346/tools/bin/../lib/gcc/arm-none-eabi/9.3.1/../../../../arm-none-eabi/lib/thumb/v7e-m+fp/hard/libc_nano.a(lib_a-wbuf.o)
                0x0000000008007024                __swbuf_r
 .text._write_r
                0x00000000080070c8       0x24 /Applications/STM32CubeIDE.app/Contents/Eclipse/plugins/com.st.stm32cube.ide.mcu.externaltools.gnu-tools-for-stm32.9-2020-q2-update.macos64_2.0.0.202105311346/tools/bin/../lib/gcc/arm-none-eabi/9.3.1/../../../../arm-none-eabi/lib/thumb/v7e-m+fp/hard/libc_nano.a(lib_a-writer.o)
                0x00000000080070c8                _write_r
 .text.__swsetup_r
                0x00000000080070ec       0xdc /Applications/STM32CubeIDE.app/Contents/Eclipse/plugins/com.st.stm32cube.ide.mcu.externaltools.gnu-tools-for-stm32.9-2020-q2-update.macos64_2.0.0.202105311346/tools/bin/../lib/gcc/arm-none-eabi/9.3.1/../../../../arm-none-eabi/lib/thumb/v7e-m+fp/hard/libc_nano.a(lib_a-wsetup.o)
                0x00000000080070ec                __swsetup_r
 .text._close_r
                0x00000000080071c8       0x20 /Applications/STM32CubeIDE.app/Contents/Eclipse/plugins/com.st.stm32cube.ide.mcu.externaltools.gnu-tools-for-stm32.9-2020-q2-update.macos64_2.0.0.202105311346/tools/bin/../lib/gcc/arm-none-eabi/9.3.1/../../../../arm-none-eabi/lib/thumb/v7e-m+fp/hard/libc_nano.a(lib_a-closer.o)
                0x00000000080071c8                _close_r
 .text.__sflush_r
                0x00000000080071e8      0x10c /Applications/STM32CubeIDE.app/Contents/Eclipse/plugins/com.st.stm32cube.ide.mcu.externaltools.gnu-tools-for-stm32.9-2020-q2-update.macos64_2.0.0.202105311346/tools/bin/../lib/gcc/arm-none-eabi/9.3.1/../../../../arm-none-eabi/lib/thumb/v7e-m+fp/hard/libc_nano.a(lib_a-fflush.o)
                0x00000000080071e8                __sflush_r
 .text._fflush_r
                0x00000000080072f4       0x78 /Applications/STM32CubeIDE.app/Contents/Eclipse/plugins/com.st.stm32cube.ide.mcu.externaltools.gnu-tools-for-stm32.9-2020-q2-update.macos64_2.0.0.202105311346/tools/bin/../lib/gcc/arm-none-eabi/9.3.1/../../../../arm-none-eabi/lib/thumb/v7e-m+fp/hard/libc_nano.a(lib_a-fflush.o)
                0x00000000080072f4                _fflush_r
 .text._lseek_r
                0x000000000800736c       0x24 /Applications/STM32CubeIDE.app/Contents/Eclipse/plugins/com.st.stm32cube.ide.mcu.externaltools.gnu-tools-for-stm32.9-2020-q2-update.macos64_2.0.0.202105311346/tools/bin/../lib/gcc/arm-none-eabi/9.3.1/../../../../arm-none-eabi/lib/thumb/v7e-m+fp/hard/libc_nano.a(lib_a-lseekr.o)
                0x000000000800736c                _lseek_r
 .text.__swhatbuf_r
                0x0000000008007390       0x48 /Applications/STM32CubeIDE.app/Contents/Eclipse/plugins/com.st.stm32cube.ide.mcu.externaltools.gnu-tools-for-stm32.9-2020-q2-update.macos64_2.0.0.202105311346/tools/bin/../lib/gcc/arm-none-eabi/9.3.1/../../../../arm-none-eabi/lib/thumb/v7e-m+fp/hard/libc_nano.a(lib_a-makebuf.o)
                0x0000000008007390                __swhatbuf_r
 .text.__smakebuf_r
                0x00000000080073d8       0x80 /Applications/STM32CubeIDE.app/Contents/Eclipse/plugins/com.st.stm32cube.ide.mcu.externaltools.gnu-tools-for-stm32.9-2020-q2-update.macos64_2.0.0.202105311346/tools/bin/../lib/gcc/arm-none-eabi/9.3.1/../../../../arm-none-eabi/lib/thumb/v7e-m+fp/hard/libc_nano.a(lib_a-makebuf.o)
                0x00000000080073d8                __smakebuf_r
 .text.memcpy   0x0000000008007458       0x1c /Applications/STM32CubeIDE.app/Contents/Eclipse/plugins/com.st.stm32cube.ide.mcu.externaltools.gnu-tools-for-stm32.9-2020-q2-update.macos64_2.0.0.202105311346/tools/bin/../lib/gcc/arm-none-eabi/9.3.1/../../../../arm-none-eabi/lib/thumb/v7e-m+fp/hard/libc_nano.a(lib_a-memcpy-stub.o)
                0x0000000008007458                memcpy
 .text.memmove  0x0000000008007474       0x34 /Applications/STM32CubeIDE.app/Contents/Eclipse/plugins/com.st.stm32cube.ide.mcu.externaltools.gnu-tools-for-stm32.9-2020-q2-update.macos64_2.0.0.202105311346/tools/bin/../lib/gcc/arm-none-eabi/9.3.1/../../../../arm-none-eabi/lib/thumb/v7e-m+fp/hard/libc_nano.a(lib_a-memmove.o)
                0x0000000008007474                memmove
 .text.__malloc_lock
                0x00000000080074a8        0xc /Applications/STM32CubeIDE.app/Contents/Eclipse/plugins/com.st.stm32cube.ide.mcu.externaltools.gnu-tools-for-stm32.9-2020-q2-update.macos64_2.0.0.202105311346/tools/bin/../lib/gcc/arm-none-eabi/9.3.1/../../../../arm-none-eabi/lib/thumb/v7e-m+fp/hard/libc_nano.a(lib_a-mlock.o)
                0x00000000080074a8                __malloc_lock
 .text.__malloc_unlock
                0x00000000080074b4        0xc /Applications/STM32CubeIDE.app/Contents/Eclipse/plugins/com.st.stm32cube.ide.mcu.externaltools.gnu-tools-for-stm32.9-2020-q2-update.macos64_2.0.0.202105311346/tools/bin/../lib/gcc/arm-none-eabi/9.3.1/../../../../arm-none-eabi/lib/thumb/v7e-m+fp/hard/libc_nano.a(lib_a-mlock.o)
                0x00000000080074b4                __malloc_unlock
 .text._free_r  0x00000000080074c0       0xa0 /Applications/STM32CubeIDE.app/Contents/Eclipse/plugins/com.st.stm32cube.ide.mcu.externaltools.gnu-tools-for-stm32.9-2020-q2-update.macos64_2.0.0.202105311346/tools/bin/../lib/gcc/arm-none-eabi/9.3.1/../../../../arm-none-eabi/lib/thumb/v7e-m+fp/hard/libc_nano.a(lib_a-nano-freer.o)
                0x00000000080074c0                _free_r
 .text._realloc_r
                0x0000000008007560       0x4c /Applications/STM32CubeIDE.app/Contents/Eclipse/plugins/com.st.stm32cube.ide.mcu.externaltools.gnu-tools-for-stm32.9-2020-q2-update.macos64_2.0.0.202105311346/tools/bin/../lib/gcc/arm-none-eabi/9.3.1/../../../../arm-none-eabi/lib/thumb/v7e-m+fp/hard/libc_nano.a(lib_a-nano-reallocr.o)
                0x0000000008007560                _realloc_r
 .text._read_r  0x00000000080075ac       0x24 /Applications/STM32CubeIDE.app/Contents/Eclipse/plugins/com.st.stm32cube.ide.mcu.externaltools.gnu-tools-for-stm32.9-2020-q2-update.macos64_2.0.0.202105311346/tools/bin/../lib/gcc/arm-none-eabi/9.3.1/../../../../arm-none-eabi/lib/thumb/v7e-m+fp/hard/libc_nano.a(lib_a-readr.o)
                0x00000000080075ac                _read_r
 .text._fstat_r
                0x00000000080075d0       0x24 /Applications/STM32CubeIDE.app/Contents/Eclipse/plugins/com.st.stm32cube.ide.mcu.externaltools.gnu-tools-for-stm32.9-2020-q2-update.macos64_2.0.0.202105311346/tools/bin/../lib/gcc/arm-none-eabi/9.3.1/../../../../arm-none-eabi/lib/thumb/v7e-m+fp/hard/libc_nano.a(lib_a-fstatr.o)
                0x00000000080075d0                _fstat_r
 .text._isatty_r
                0x00000000080075f4       0x20 /Applications/STM32CubeIDE.app/Contents/Eclipse/plugins/com.st.stm32cube.ide.mcu.externaltools.gnu-tools-for-stm32.9-2020-q2-update.macos64_2.0.0.202105311346/tools/bin/../lib/gcc/arm-none-eabi/9.3.1/../../../../arm-none-eabi/lib/thumb/v7e-m+fp/hard/libc_nano.a(lib_a-isattyr.o)
                0x00000000080075f4                _isatty_r
 .text._malloc_usable_size_r
                0x0000000008007614       0x10 /Applications/STM32CubeIDE.app/Contents/Eclipse/plugins/com.st.stm32cube.ide.mcu.externaltools.gnu-tools-for-stm32.9-2020-q2-update.macos64_2.0.0.202105311346/tools/bin/../lib/gcc/arm-none-eabi/9.3.1/../../../../arm-none-eabi/lib/thumb/v7e-m+fp/hard/libc_nano.a(lib_a-nano-msizer.o)
                0x0000000008007614                _malloc_usable_size_r
 .text.pow      0x0000000008007624      0x15c /Applications/STM32CubeIDE.app/Contents/Eclipse/plugins/com.st.stm32cube.ide.mcu.externaltools.gnu-tools-for-stm32.9-2020-q2-update.macos64_2.0.0.202105311346/tools/bin/../lib/gcc/arm-none-eabi/9.3.1/../../../../arm-none-eabi/lib/thumb/v7e-m+fp/hard/libm.a(lib_a-w_pow.o)
                0x0000000008007624                pow
 .text.__ieee754_pow
                0x0000000008007780      0xa44 /Applications/STM32CubeIDE.app/Contents/Eclipse/plugins/com.st.stm32cube.ide.mcu.externaltools.gnu-tools-for-stm32.9-2020-q2-update.macos64_2.0.0.202105311346/tools/bin/../lib/gcc/arm-none-eabi/9.3.1/../../../../arm-none-eabi/lib/thumb/v7e-m+fp/hard/libm.a(lib_a-e_pow.o)
                0x0000000008007780                __ieee754_pow
 .text.__ieee754_sqrt
                0x00000000080081c4      0x168 /Applications/STM32CubeIDE.app/Contents/Eclipse/plugins/com.st.stm32cube.ide.mcu.externaltools.gnu-tools-for-stm32.9-2020-q2-update.macos64_2.0.0.202105311346/tools/bin/../lib/gcc/arm-none-eabi/9.3.1/../../../../arm-none-eabi/lib/thumb/v7e-m+fp/hard/libm.a(lib_a-e_sqrt.o)
                0x00000000080081c4                __ieee754_sqrt
 .text.fabs     0x000000000800832c       0x12 /Applications/STM32CubeIDE.app/Contents/Eclipse/plugins/com.st.stm32cube.ide.mcu.externaltools.gnu-tools-for-stm32.9-2020-q2-update.macos64_2.0.0.202105311346/tools/bin/../lib/gcc/arm-none-eabi/9.3.1/../../../../arm-none-eabi/lib/thumb/v7e-m+fp/hard/libm.a(lib_a-s_fabs.o)
                0x000000000800832c                fabs
 .text.finite   0x000000000800833e       0x16 /Applications/STM32CubeIDE.app/Contents/Eclipse/plugins/com.st.stm32cube.ide.mcu.externaltools.gnu-tools-for-stm32.9-2020-q2-update.macos64_2.0.0.202105311346/tools/bin/../lib/gcc/arm-none-eabi/9.3.1/../../../../arm-none-eabi/lib/thumb/v7e-m+fp/hard/libm.a(lib_a-s_finite.o)
                0x000000000800833e                finite
 *fill*         0x0000000008008354        0x4 
 .text.nan      0x0000000008008358       0x10 /Applications/STM32CubeIDE.app/Contents/Eclipse/plugins/com.st.stm32cube.ide.mcu.externaltools.gnu-tools-for-stm32.9-2020-q2-update.macos64_2.0.0.202105311346/tools/bin/../lib/gcc/arm-none-eabi/9.3.1/../../../../arm-none-eabi/lib/thumb/v7e-m+fp/hard/libm.a(lib_a-s_nan.o)
                0x0000000008008358                nan
 .text.rint     0x0000000008008368      0x114 /Applications/STM32CubeIDE.app/Contents/Eclipse/plugins/com.st.stm32cube.ide.mcu.externaltools.gnu-tools-for-stm32.9-2020-q2-update.macos64_2.0.0.202105311346/tools/bin/../lib/gcc/arm-none-eabi/9.3.1/../../../../arm-none-eabi/lib/thumb/v7e-m+fp/hard/libm.a(lib_a-s_rint.o)
                0x0000000008008368                rint
 *fill*         0x000000000800847c        0x4 
 .text.scalbn   0x0000000008008480      0x10c /Applications/STM32CubeIDE.app/Contents/Eclipse/plugins/com.st.stm32cube.ide.mcu.externaltools.gnu-tools-for-stm32.9-2020-q2-update.macos64_2.0.0.202105311346/tools/bin/../lib/gcc/arm-none-eabi/9.3.1/../../../../arm-none-eabi/lib/thumb/v7e-m+fp/hard/libm.a(lib_a-s_scalbn.o)
                0x0000000008008480                scalbn
 *(.glue_7)
 .glue_7        0x000000000800858c        0x0 linker stubs
 *(.glue_7t)
 .glue_7t       0x000000000800858c        0x0 linker stubs
 *(.eh_frame)
 .eh_frame      0x000000000800858c        0x0 /Applications/STM32CubeIDE.app/Contents/Eclipse/plugins/com.st.stm32cube.ide.mcu.externaltools.gnu-tools-for-stm32.9-2020-q2-update.macos64_2.0.0.202105311346/tools/bin/../lib/gcc/arm-none-eabi/9.3.1/thumb/v7e-m+fp/hard/crtbegin.o
 *(.init)
 .init          0x000000000800858c        0x4 /Applications/STM32CubeIDE.app/Contents/Eclipse/plugins/com.st.stm32cube.ide.mcu.externaltools.gnu-tools-for-stm32.9-2020-q2-update.macos64_2.0.0.202105311346/tools/bin/../lib/gcc/arm-none-eabi/9.3.1/thumb/v7e-m+fp/hard/crti.o
                0x000000000800858c                _init
 .init          0x0000000008008590        0x8 /Applications/STM32CubeIDE.app/Contents/Eclipse/plugins/com.st.stm32cube.ide.mcu.externaltools.gnu-tools-for-stm32.9-2020-q2-update.macos64_2.0.0.202105311346/tools/bin/../lib/gcc/arm-none-eabi/9.3.1/thumb/v7e-m+fp/hard/crtn.o
 *(.fini)
 .fini          0x0000000008008598        0x4 /Applications/STM32CubeIDE.app/Contents/Eclipse/plugins/com.st.stm32cube.ide.mcu.externaltools.gnu-tools-for-stm32.9-2020-q2-update.macos64_2.0.0.202105311346/tools/bin/../lib/gcc/arm-none-eabi/9.3.1/thumb/v7e-m+fp/hard/crti.o
                0x0000000008008598                _fini
 .fini          0x000000000800859c        0x8 /Applications/STM32CubeIDE.app/Contents/Eclipse/plugins/com.st.stm32cube.ide.mcu.externaltools.gnu-tools-for-stm32.9-2020-q2-update.macos64_2.0.0.202105311346/tools/bin/../lib/gcc/arm-none-eabi/9.3.1/thumb/v7e-m+fp/hard/crtn.o
                0x00000000080085a4                . = ALIGN (0x4)
                0x00000000080085a4                _etext = .

.vfp11_veneer   0x00000000080085a4        0x0
 .vfp11_veneer  0x00000000080085a4        0x0 linker stubs

.v4_bx          0x00000000080085a4        0x0
 .v4_bx         0x00000000080085a4        0x0 linker stubs

.iplt           0x00000000080085a4        0x0
 .iplt          0x00000000080085a4        0x0 /Applications/STM32CubeIDE.app/Contents/Eclipse/plugins/com.st.stm32cube.ide.mcu.externaltools.gnu-tools-for-stm32.9-2020-q2-update.macos64_2.0.0.202105311346/tools/bin/../lib/gcc/arm-none-eabi/9.3.1/thumb/v7e-m+fp/hard/crtbegin.o

.rodata         0x00000000080085a8      0x520
                0x00000000080085a8                . = ALIGN (0x4)
 *(.rodata)
 *(.rodata*)
 .rodata.AHBPrescTable
                0x00000000080085a8       0x10 ./Core/Src/system_stm32l4xx.o
                0x00000000080085a8                AHBPrescTable
 .rodata.APBPrescTable
                0x00000000080085b8        0x8 ./Core/Src/system_stm32l4xx.o
                0x00000000080085b8                APBPrescTable
 .rodata.MSIRangeTable
                0x00000000080085c0       0x30 ./Core/Src/system_stm32l4xx.o
                0x00000000080085c0                MSIRangeTable
 .rodata.CSWTCH.60
                0x00000000080085f0        0x6 ./Drivers/BSP/Components/lsm303agr/lsm303agr.o
 *fill*         0x00000000080085f6        0x2 
 .rodata.FunctionIndex
                0x00000000080085f8       0x14 ./Drivers/BSP/IKS01A2/iks01a2_env_sensors.o
 .rodata.FunctionIndex