custom.c:93:9:BSP_GetVersion	0	static
custom.c:105:9:BSP_LED_Init	40	static
custom.c:120:9:BSP_LED_DeInit	8	static
custom.c:143:9:BSP_LED_On	8	static
custom.c:160:9:BSP_LED_Off	8	static
custom.c:177:9:BSP_LED_Toggle	8	static
custom.c:194:9:BSP_LED_GetState	8	static
custom.c:236:9:BSP_PB_Init	48	static
custom.c:276:9:BSP_PB_DeInit	8	static
custom.c:294:9:BSP_PB_GetState	8	static
custom.c:303:6:BSP_PB_IRQHandler	0	static
custom.c:313:13:BSP_PB_Callback	0	static
custom.c:326:13:BUTTON_USER_EXTI_Callback	8	static
custom.c:401:9:BSP_COM_DeInit	8	static
custom.c:438:26:MX_USART2_UART_Init	8	static
custom.c:362:9:BSP_COM_Init	56	static
custom.c:542:9:BSP_COM_SelectLogPort	0	static
custom.c:554:6:__io_putchar	24	static
